#
# There is insufficient memory for the Java Runtime Environment to continue.
# Native memory allocation (malloc) failed to allocate 32744 bytes for ChunkPool::allocate
# Possible reasons:
#   The system is out of physical RAM or swap space
#   The process is running with CompressedOops enabled, and the Java Heap may be blocking the growth of the native heap
# Possible solutions:
#   Reduce memory load on the system
#   Increase physical memory or swap space
#   Check if swap backing store is full
#   Decrease Java heap size (-Xmx/-Xms)
#   Decrease number of Java threads
#   Decrease Java thread stack sizes (-Xss)
#   Set larger code cache with -XX:ReservedCodeCacheSize=
#   JVM is running with Unscaled Compressed Oops mode in which the Java heap is
#     placed in the first 4GB address space. The Java Heap base address is the
#     maximum limit for the native heap growth. Please use -XX:HeapBaseMinAddress
#     to set the Java Heap base and to place the Java Heap above 4GB virtual address.
# This output file may be truncated or incomplete.
#
#  Out of Memory Error (arena.cpp:78), pid=14416, tid=15964
#
# JRE version: Java(TM) SE Runtime Environment (17.0.12+8) (build 17.0.12+8-LTS-286)
# Java VM: Java HotSpot(TM) 64-Bit Server VM (17.0.12+8-LTS-286, mixed mode, sharing, tiered, compressed oops, compressed class ptrs, g1 gc, windows-amd64)
# No core dump will be written. Minidumps are not enabled by default on client versions of Windows
#

---------------  S U M M A R Y ------------

Command Line: -Dclassworlds.conf=C:\projects\thirdPartyComponents\apache-maven-3.9.6\bin\m2.conf -Dmaven.home=C:\projects\thirdPartyComponents\apache-maven-3.9.6 -Dlibrary.jansi.path=C:\projects\thirdPartyComponents\apache-maven-3.9.6\lib\jansi-native -Dmaven.multiModuleProjectDirectory=C:\Users\Computer\training\spring\persistence\workspace\spring-boot-jpa org.codehaus.plexus.classworlds.launcher.Launcher spring-boot:run

Host: AMD A9-9425 RADEON R5, 5 COMPUTE CORES 2C+3G   , 2 cores, 6G,  Windows 10 , 64 bit Build 19041 (10.0.19041.5678)
Time: Fri Apr 11 15:07:08 2025 Eastern Daylight Time elapsed time: 432.519223 seconds (0d 0h 7m 12s)

---------------  T H R E A D  ---------------

Current thread (0x000001a2352944d0):  JavaThread "C2 CompilerThread0" daemon [_thread_in_native, id=15964, stack(0x0000006b83300000,0x0000006b83400000)]


Current CompileTask:
C2: 432692 2878   !   4       org.apache.maven.model.interpolation.StringVisitorModelInterpolator$1::interpolate (97 bytes)

Stack: [0x0000006b83300000,0x0000006b83400000]
Native frames: (J=compiled Java code, j=interpreted, Vv=VM code, C=native code)
V  [jvm.dll+0x67a04a]
V  [jvm.dll+0x7da4ed]
V  [jvm.dll+0x7dbe33]
V  [jvm.dll+0x7dc4a3]
V  [jvm.dll+0x24508f]
V  [jvm.dll+0xab9a4]
V  [jvm.dll+0xabd3c]
V  [jvm.dll+0x1d8c46]
V  [jvm.dll+0x1d8b05]
V  [jvm.dll+0x1dc4d7]
V  [jvm.dll+0x1dd72e]
V  [jvm.dll+0x1dbc7e]
V  [jvm.dll+0x1db445]
V  [jvm.dll+0x1dc22c]
V  [jvm.dll+0x1db6ae]
V  [jvm.dll+0x1cb2b0]
V  [jvm.dll+0x126b3b]
V  [jvm.dll+0x2a79dc]
V  [jvm.dll+0x2a96df]
V  [jvm.dll+0x6923b6]
V  [jvm.dll+0x68a3d5]
V  [jvm.dll+0x689a20]
V  [jvm.dll+0x687932]
V  [jvm.dll+0x1a5bac]
V  [jvm.dll+0x1a6708]
V  [jvm.dll+0x2a975c]
V  [jvm.dll+0x6923b6]
V  [jvm.dll+0x68a3d5]
V  [jvm.dll+0x689a20]
V  [jvm.dll+0x687932]
V  [jvm.dll+0x1a5bac]
V  [jvm.dll+0x215818]
V  [jvm.dll+0x1a2960]
V  [jvm.dll+0x22610b]
V  [jvm.dll+0x2242ab]
V  [jvm.dll+0x79075c]
V  [jvm.dll+0x78abea]
V  [jvm.dll+0x678f35]
C  [ucrtbase.dll+0x21bb2]
C  [KERNEL32.DLL+0x17374]
C  [ntdll.dll+0x4cc91]


---------------  P R O C E S S  ---------------

Threads class SMR info:
_java_thread_list=0x000001a2352ffc30, length=12, elements={
0x000001a216896910, 0x000001a23526c7c0, 0x000001a23526f200, 0x000001a235288690,
0x000001a23528b280, 0x000001a23528db60, 0x000001a235292870, 0x000001a2352944d0,
0x000001a235294e90, 0x000001a235298af0, 0x000001a235450060, 0x000001a23533e8d0
}

Java Threads: ( => current thread )
  0x000001a216896910 JavaThread "main" [_thread_in_native, id=15208, stack(0x0000006b82600000,0x0000006b82700000)]
  0x000001a23526c7c0 JavaThread "Reference Handler" daemon [_thread_blocked, id=8372, stack(0x0000006b82d00000,0x0000006b82e00000)]
  0x000001a23526f200 JavaThread "Finalizer" daemon [_thread_blocked, id=7608, stack(0x0000006b82e00000,0x0000006b82f00000)]
  0x000001a235288690 JavaThread "Signal Dispatcher" daemon [_thread_blocked, id=9276, stack(0x0000006b82f00000,0x0000006b83000000)]
  0x000001a23528b280 JavaThread "Attach Listener" daemon [_thread_blocked, id=11724, stack(0x0000006b83000000,0x0000006b83100000)]
  0x000001a23528db60 JavaThread "Service Thread" daemon [_thread_blocked, id=11244, stack(0x0000006b83100000,0x0000006b83200000)]
  0x000001a235292870 JavaThread "Monitor Deflation Thread" daemon [_thread_blocked, id=13536, stack(0x0000006b83200000,0x0000006b83300000)]
=>0x000001a2352944d0 JavaThread "C2 CompilerThread0" daemon [_thread_in_native, id=15964, stack(0x0000006b83300000,0x0000006b83400000)]
  0x000001a235294e90 JavaThread "C1 CompilerThread0" daemon [_thread_blocked, id=13588, stack(0x0000006b83400000,0x0000006b83500000)]
  0x000001a235298af0 JavaThread "Sweeper thread" daemon [_thread_blocked, id=15884, stack(0x0000006b83500000,0x0000006b83600000)]
  0x000001a235450060 JavaThread "Notification Thread" daemon [_thread_blocked, id=13392, stack(0x0000006b83600000,0x0000006b83700000)]
  0x000001a23533e8d0 JavaThread "Common-Cleaner" daemon [_thread_blocked, id=16156, stack(0x0000006b83800000,0x0000006b83900000)]

Other Threads:
  0x000001a235266c40 VMThread "VM Thread" [stack: 0x0000006b82c00000,0x0000006b82d00000] [id=5896]
  0x000001a23533e640 WatcherThread [stack: 0x0000006b83700000,0x0000006b83800000] [id=13720]
  0x000001a2168e8890 GCTaskThread "GC Thread#0" [stack: 0x0000006b82700000,0x0000006b82800000] [id=12480]
  0x000001a2354ea720 GCTaskThread "GC Thread#1" [stack: 0x0000006b82300000,0x0000006b82400000] [id=12176]
  0x000001a2168f7370 ConcurrentGCThread "G1 Main Marker" [stack: 0x0000006b82800000,0x0000006b82900000] [id=2240]
  0x000001a2168f9580 ConcurrentGCThread "G1 Conc#0" [stack: 0x0000006b82900000,0x0000006b82a00000] [id=13640]
  0x000001a216955690 ConcurrentGCThread "G1 Refine#0" [stack: 0x0000006b82a00000,0x0000006b82b00000] [id=9248]
  0x000001a2169568b0 ConcurrentGCThread "G1 Service" [stack: 0x0000006b82b00000,0x0000006b82c00000] [id=14796]

Threads with active compile tasks:
C2 CompilerThread0   449231 2878   !   4       org.apache.maven.model.interpolation.StringVisitorModelInterpolator$1::interpolate (97 bytes)

VM state: not at safepoint (normal execution)

VM Mutex/Monitor currently owned by a thread: None

Heap address: 0x0000000091c00000, size: 1764 MB, Compressed Oops mode: 32-bit

CDS archive(s) mapped at: [0x000001a236000000-0x000001a236bd0000-0x000001a236bd0000), size 12386304, SharedBaseAddress: 0x000001a236000000, ArchiveRelocationMode: 1.
Compressed class space mapped at: 0x000001a237000000-0x000001a277000000, reserved size: 1073741824
Narrow klass base: 0x000001a236000000, Narrow klass shift: 0, Narrow klass range: 0x100000000

GC Precious Log:
 CPUs: 2 total, 2 available
 Memory: 7055M
 Large Page Support: Disabled
 NUMA Support: Disabled
 Compressed Oops: Enabled (32-bit)
 Heap Region Size: 1M
 Heap Min Capacity: 8M
 Heap Initial Capacity: 112M
 Heap Max Capacity: 1764M
 Pre-touch: Disabled
 Parallel Workers: 2
 Concurrent Workers: 1
 Concurrent Refinement Workers: 2
 Periodic GC: Disabled

Heap:
 garbage-first heap   total 114688K, used 9821K [0x0000000091c00000, 0x0000000100000000)
  region size 1024K, 8 young (8192K), 6 survivors (6144K)
 Metaspace       used 14786K, committed 14976K, reserved 1114112K
  class space    used 1773K, committed 1856K, reserved 1048576K

Heap Regions: E=young(eden), S=young(survivor), O=old, HS=humongous(starts), HC=humongous(continues), CS=collection set, F=free, OA=open archive, CA=closed archive, TAMS=top-at-mark-start (previous, next)
|   0|0x0000000091c00000, 0x0000000091d00000, 0x0000000091d00000|100%| O|  |TAMS 0x0000000091c00000, 0x0000000091c00000| Untracked 
|   1|0x0000000091d00000, 0x0000000091e00000, 0x0000000091e00000|100%| O|  |TAMS 0x0000000091d00000, 0x0000000091d00000| Untracked 
|   2|0x0000000091e00000, 0x0000000091f00000, 0x0000000091f00000|100%| O|  |TAMS 0x0000000091e00000, 0x0000000091e00000| Untracked 
|   3|0x0000000091f00000, 0x0000000091f50200, 0x0000000092000000| 31%| O|  |TAMS 0x0000000091f00000, 0x0000000091f00000| Untracked 
|   4|0x0000000092000000, 0x0000000092000000, 0x0000000092100000|  0%| F|  |TAMS 0x0000000092000000, 0x0000000092000000| Untracked 
|   5|0x0000000092100000, 0x0000000092100000, 0x0000000092200000|  0%| F|  |TAMS 0x0000000092100000, 0x0000000092100000| Untracked 
|   6|0x0000000092200000, 0x0000000092200000, 0x0000000092300000|  0%| F|  |TAMS 0x0000000092200000, 0x0000000092200000| Untracked 
|   7|0x0000000092300000, 0x0000000092300000, 0x0000000092400000|  0%| F|  |TAMS 0x0000000092300000, 0x0000000092300000| Untracked 
|   8|0x0000000092400000, 0x0000000092400000, 0x0000000092500000|  0%| F|  |TAMS 0x0000000092400000, 0x0000000092400000| Untracked 
|   9|0x0000000092500000, 0x0000000092500000, 0x0000000092600000|  0%| F|  |TAMS 0x0000000092500000, 0x0000000092500000| Untracked 
|  10|0x0000000092600000, 0x0000000092600000, 0x0000000092700000|  0%| F|  |TAMS 0x0000000092600000, 0x0000000092600000| Untracked 
|  11|0x0000000092700000, 0x0000000092700000, 0x0000000092800000|  0%| F|  |TAMS 0x0000000092700000, 0x0000000092700000| Untracked 
|  12|0x0000000092800000, 0x0000000092800000, 0x0000000092900000|  0%| F|  |TAMS 0x0000000092800000, 0x0000000092800000| Untracked 
|  13|0x0000000092900000, 0x0000000092900000, 0x0000000092a00000|  0%| F|  |TAMS 0x0000000092900000, 0x0000000092900000| Untracked 
|  14|0x0000000092a00000, 0x0000000092a00000, 0x0000000092b00000|  0%| F|  |TAMS 0x0000000092a00000, 0x0000000092a00000| Untracked 
|  15|0x0000000092b00000, 0x0000000092b00000, 0x0000000092c00000|  0%| F|  |TAMS 0x0000000092b00000, 0x0000000092b00000| Untracked 
|  16|0x0000000092c00000, 0x0000000092c00000, 0x0000000092d00000|  0%| F|  |TAMS 0x0000000092c00000, 0x0000000092c00000| Untracked 
|  17|0x0000000092d00000, 0x0000000092d00000, 0x0000000092e00000|  0%| F|  |TAMS 0x0000000092d00000, 0x0000000092d00000| Untracked 
|  18|0x0000000092e00000, 0x0000000092e00000, 0x0000000092f00000|  0%| F|  |TAMS 0x0000000092e00000, 0x0000000092e00000| Untracked 
|  19|0x0000000092f00000, 0x0000000092f00000, 0x0000000093000000|  0%| F|  |TAMS 0x0000000092f00000, 0x0000000092f00000| Untracked 
|  20|0x0000000093000000, 0x0000000093000000, 0x0000000093100000|  0%| F|  |TAMS 0x0000000093000000, 0x0000000093000000| Untracked 
|  21|0x0000000093100000, 0x0000000093100000, 0x0000000093200000|  0%| F|  |TAMS 0x0000000093100000, 0x0000000093100000| Untracked 
|  22|0x0000000093200000, 0x0000000093200000, 0x0000000093300000|  0%| F|  |TAMS 0x0000000093200000, 0x0000000093200000| Untracked 
|  23|0x0000000093300000, 0x0000000093300000, 0x0000000093400000|  0%| F|  |TAMS 0x0000000093300000, 0x0000000093300000| Untracked 
|  24|0x0000000093400000, 0x0000000093400000, 0x0000000093500000|  0%| F|  |TAMS 0x0000000093400000, 0x0000000093400000| Untracked 
|  25|0x0000000093500000, 0x0000000093500000, 0x0000000093600000|  0%| F|  |TAMS 0x0000000093500000, 0x0000000093500000| Untracked 
|  26|0x0000000093600000, 0x0000000093600000, 0x0000000093700000|  0%| F|  |TAMS 0x0000000093600000, 0x0000000093600000| Untracked 
|  27|0x0000000093700000, 0x0000000093700000, 0x0000000093800000|  0%| F|  |TAMS 0x0000000093700000, 0x0000000093700000| Untracked 
|  28|0x0000000093800000, 0x0000000093800000, 0x0000000093900000|  0%| F|  |TAMS 0x0000000093800000, 0x0000000093800000| Untracked 
|  29|0x0000000093900000, 0x0000000093900000, 0x0000000093a00000|  0%| F|  |TAMS 0x0000000093900000, 0x0000000093900000| Untracked 
|  30|0x0000000093a00000, 0x0000000093a00000, 0x0000000093b00000|  0%| F|  |TAMS 0x0000000093a00000, 0x0000000093a00000| Untracked 
|  31|0x0000000093b00000, 0x0000000093b00000, 0x0000000093c00000|  0%| F|  |TAMS 0x0000000093b00000, 0x0000000093b00000| Untracked 
|  32|0x0000000093c00000, 0x0000000093c00000, 0x0000000093d00000|  0%| F|  |TAMS 0x0000000093c00000, 0x0000000093c00000| Untracked 
|  33|0x0000000093d00000, 0x0000000093d00000, 0x0000000093e00000|  0%| F|  |TAMS 0x0000000093d00000, 0x0000000093d00000| Untracked 
|  34|0x0000000093e00000, 0x0000000093e00000, 0x0000000093f00000|  0%| F|  |TAMS 0x0000000093e00000, 0x0000000093e00000| Untracked 
|  35|0x0000000093f00000, 0x0000000093f00000, 0x0000000094000000|  0%| F|  |TAMS 0x0000000093f00000, 0x0000000093f00000| Untracked 
|  36|0x0000000094000000, 0x0000000094000000, 0x0000000094100000|  0%| F|  |TAMS 0x0000000094000000, 0x0000000094000000| Untracked 
|  37|0x0000000094100000, 0x0000000094100000, 0x0000000094200000|  0%| F|  |TAMS 0x0000000094100000, 0x0000000094100000| Untracked 
|  38|0x0000000094200000, 0x0000000094200000, 0x0000000094300000|  0%| F|  |TAMS 0x0000000094200000, 0x0000000094200000| Untracked 
|  39|0x0000000094300000, 0x0000000094300000, 0x0000000094400000|  0%| F|  |TAMS 0x0000000094300000, 0x0000000094300000| Untracked 
|  40|0x0000000094400000, 0x0000000094400000, 0x0000000094500000|  0%| F|  |TAMS 0x0000000094400000, 0x0000000094400000| Untracked 
|  41|0x0000000094500000, 0x0000000094500000, 0x0000000094600000|  0%| F|  |TAMS 0x0000000094500000, 0x0000000094500000| Untracked 
|  42|0x0000000094600000, 0x0000000094600000, 0x0000000094700000|  0%| F|  |TAMS 0x0000000094600000, 0x0000000094600000| Untracked 
|  43|0x0000000094700000, 0x0000000094700000, 0x0000000094800000|  0%| F|  |TAMS 0x0000000094700000, 0x0000000094700000| Untracked 
|  44|0x0000000094800000, 0x0000000094800000, 0x0000000094900000|  0%| F|  |TAMS 0x0000000094800000, 0x0000000094800000| Untracked 
|  45|0x0000000094900000, 0x0000000094900000, 0x0000000094a00000|  0%| F|  |TAMS 0x0000000094900000, 0x0000000094900000| Untracked 
|  46|0x0000000094a00000, 0x0000000094a00000, 0x0000000094b00000|  0%| F|  |TAMS 0x0000000094a00000, 0x0000000094a00000| Untracked 
|  47|0x0000000094b00000, 0x0000000094b47430, 0x0000000094c00000| 27%| S|CS|TAMS 0x0000000094b00000, 0x0000000094b00000| Complete 
|  48|0x0000000094c00000, 0x0000000094d00000, 0x0000000094d00000|100%| S|CS|TAMS 0x0000000094c00000, 0x0000000094c00000| Complete 
|  49|0x0000000094d00000, 0x0000000094e00000, 0x0000000094e00000|100%| S|CS|TAMS 0x0000000094d00000, 0x0000000094d00000| Complete 
|  50|0x0000000094e00000, 0x0000000094f00000, 0x0000000094f00000|100%| S|CS|TAMS 0x0000000094e00000, 0x0000000094e00000| Complete 
|  51|0x0000000094f00000, 0x0000000095000000, 0x0000000095000000|100%| S|CS|TAMS 0x0000000094f00000, 0x0000000094f00000| Complete 
|  52|0x0000000095000000, 0x0000000095100000, 0x0000000095100000|100%| S|CS|TAMS 0x0000000095000000, 0x0000000095000000| Complete 
|  53|0x0000000095100000, 0x0000000095100000, 0x0000000095200000|  0%| F|  |TAMS 0x0000000095100000, 0x0000000095100000| Untracked 
|  54|0x0000000095200000, 0x0000000095200000, 0x0000000095300000|  0%| F|  |TAMS 0x0000000095200000, 0x0000000095200000| Untracked 
|  55|0x0000000095300000, 0x0000000095300000, 0x0000000095400000|  0%| F|  |TAMS 0x0000000095300000, 0x0000000095300000| Untracked 
|  56|0x0000000095400000, 0x0000000095400000, 0x0000000095500000|  0%| F|  |TAMS 0x0000000095400000, 0x0000000095400000| Untracked 
|  57|0x0000000095500000, 0x0000000095500000, 0x0000000095600000|  0%| F|  |TAMS 0x0000000095500000, 0x0000000095500000| Untracked 
|  58|0x0000000095600000, 0x0000000095600000, 0x0000000095700000|  0%| F|  |TAMS 0x0000000095600000, 0x0000000095600000| Untracked 
|  59|0x0000000095700000, 0x0000000095700000, 0x0000000095800000|  0%| F|  |TAMS 0x0000000095700000, 0x0000000095700000| Untracked 
|  60|0x0000000095800000, 0x0000000095800000, 0x0000000095900000|  0%| F|  |TAMS 0x0000000095800000, 0x0000000095800000| Untracked 
|  61|0x0000000095900000, 0x0000000095900000, 0x0000000095a00000|  0%| F|  |TAMS 0x0000000095900000, 0x0000000095900000| Untracked 
|  62|0x0000000095a00000, 0x0000000095a00000, 0x0000000095b00000|  0%| F|  |TAMS 0x0000000095a00000, 0x0000000095a00000| Untracked 
|  63|0x0000000095b00000, 0x0000000095b00000, 0x0000000095c00000|  0%| F|  |TAMS 0x0000000095b00000, 0x0000000095b00000| Untracked 
|  64|0x0000000095c00000, 0x0000000095c00000, 0x0000000095d00000|  0%| F|  |TAMS 0x0000000095c00000, 0x0000000095c00000| Untracked 
|  65|0x0000000095d00000, 0x0000000095d00000, 0x0000000095e00000|  0%| F|  |TAMS 0x0000000095d00000, 0x0000000095d00000| Untracked 
|  66|0x0000000095e00000, 0x0000000095e00000, 0x0000000095f00000|  0%| F|  |TAMS 0x0000000095e00000, 0x0000000095e00000| Untracked 
|  67|0x0000000095f00000, 0x0000000095f00000, 0x0000000096000000|  0%| F|  |TAMS 0x0000000095f00000, 0x0000000095f00000| Untracked 
|  68|0x0000000096000000, 0x0000000096000000, 0x0000000096100000|  0%| F|  |TAMS 0x0000000096000000, 0x0000000096000000| Untracked 
|  69|0x0000000096100000, 0x0000000096100000, 0x0000000096200000|  0%| F|  |TAMS 0x0000000096100000, 0x0000000096100000| Untracked 
|  70|0x0000000096200000, 0x0000000096200000, 0x0000000096300000|  0%| F|  |TAMS 0x0000000096200000, 0x0000000096200000| Untracked 
|  71|0x0000000096300000, 0x0000000096300000, 0x0000000096400000|  0%| F|  |TAMS 0x0000000096300000, 0x0000000096300000| Untracked 
|  72|0x0000000096400000, 0x0000000096400000, 0x0000000096500000|  0%| F|  |TAMS 0x0000000096400000, 0x0000000096400000| Untracked 
|  73|0x0000000096500000, 0x0000000096500000, 0x0000000096600000|  0%| F|  |TAMS 0x0000000096500000, 0x0000000096500000| Untracked 
|  74|0x0000000096600000, 0x0000000096600000, 0x0000000096700000|  0%| F|  |TAMS 0x0000000096600000, 0x0000000096600000| Untracked 
|  75|0x0000000096700000, 0x0000000096700000, 0x0000000096800000|  0%| F|  |TAMS 0x0000000096700000, 0x0000000096700000| Untracked 
|  76|0x0000000096800000, 0x0000000096800000, 0x0000000096900000|  0%| F|  |TAMS 0x0000000096800000, 0x0000000096800000| Untracked 
|  77|0x0000000096900000, 0x0000000096900000, 0x0000000096a00000|  0%| F|  |TAMS 0x0000000096900000, 0x0000000096900000| Untracked 
|  78|0x0000000096a00000, 0x0000000096a00000, 0x0000000096b00000|  0%| F|  |TAMS 0x0000000096a00000, 0x0000000096a00000| Untracked 
|  79|0x0000000096b00000, 0x0000000096b00000, 0x0000000096c00000|  0%| F|  |TAMS 0x0000000096b00000, 0x0000000096b00000| Untracked 
|  80|0x0000000096c00000, 0x0000000096c00000, 0x0000000096d00000|  0%| F|  |TAMS 0x0000000096c00000, 0x0000000096c00000| Untracked 
|  81|0x0000000096d00000, 0x0000000096d00000, 0x0000000096e00000|  0%| F|  |TAMS 0x0000000096d00000, 0x0000000096d00000| Untracked 
|  82|0x0000000096e00000, 0x0000000096e00000, 0x0000000096f00000|  0%| F|  |TAMS 0x0000000096e00000, 0x0000000096e00000| Untracked 
|  83|0x0000000096f00000, 0x0000000096f00000, 0x0000000097000000|  0%| F|  |TAMS 0x0000000096f00000, 0x0000000096f00000| Untracked 
|  84|0x0000000097000000, 0x0000000097000000, 0x0000000097100000|  0%| F|  |TAMS 0x0000000097000000, 0x0000000097000000| Untracked 
|  85|0x0000000097100000, 0x0000000097100000, 0x0000000097200000|  0%| F|  |TAMS 0x0000000097100000, 0x0000000097100000| Untracked 
|  86|0x0000000097200000, 0x0000000097200000, 0x0000000097300000|  0%| F|  |TAMS 0x0000000097200000, 0x0000000097200000| Untracked 
|  87|0x0000000097300000, 0x0000000097300000, 0x0000000097400000|  0%| F|  |TAMS 0x0000000097300000, 0x0000000097300000| Untracked 
|  88|0x0000000097400000, 0x0000000097400000, 0x0000000097500000|  0%| F|  |TAMS 0x0000000097400000, 0x0000000097400000| Untracked 
|  89|0x0000000097500000, 0x0000000097500000, 0x0000000097600000|  0%| F|  |TAMS 0x0000000097500000, 0x0000000097500000| Untracked 
|  90|0x0000000097600000, 0x0000000097600000, 0x0000000097700000|  0%| F|  |TAMS 0x0000000097600000, 0x0000000097600000| Untracked 
|  91|0x0000000097700000, 0x0000000097700000, 0x0000000097800000|  0%| F|  |TAMS 0x0000000097700000, 0x0000000097700000| Untracked 
|  92|0x0000000097800000, 0x0000000097800000, 0x0000000097900000|  0%| F|  |TAMS 0x0000000097800000, 0x0000000097800000| Untracked 
|  93|0x0000000097900000, 0x0000000097900000, 0x0000000097a00000|  0%| F|  |TAMS 0x0000000097900000, 0x0000000097900000| Untracked 
|  94|0x0000000097a00000, 0x0000000097a00000, 0x0000000097b00000|  0%| F|  |TAMS 0x0000000097a00000, 0x0000000097a00000| Untracked 
|  95|0x0000000097b00000, 0x0000000097b00000, 0x0000000097c00000|  0%| F|  |TAMS 0x0000000097b00000, 0x0000000097b00000| Untracked 
|  96|0x0000000097c00000, 0x0000000097c00000, 0x0000000097d00000|  0%| F|  |TAMS 0x0000000097c00000, 0x0000000097c00000| Untracked 
|  97|0x0000000097d00000, 0x0000000097d00000, 0x0000000097e00000|  0%| F|  |TAMS 0x0000000097d00000, 0x0000000097d00000| Untracked 
|  98|0x0000000097e00000, 0x0000000097e00000, 0x0000000097f00000|  0%| F|  |TAMS 0x0000000097e00000, 0x0000000097e00000| Untracked 
|  99|0x0000000097f00000, 0x0000000097f00000, 0x0000000098000000|  0%| F|  |TAMS 0x0000000097f00000, 0x0000000097f00000| Untracked 
| 100|0x0000000098000000, 0x0000000098000000, 0x0000000098100000|  0%| F|  |TAMS 0x0000000098000000, 0x0000000098000000| Untracked 
| 101|0x0000000098100000, 0x0000000098100000, 0x0000000098200000|  0%| F|  |TAMS 0x0000000098100000, 0x0000000098100000| Untracked 
| 102|0x0000000098200000, 0x0000000098200000, 0x0000000098300000|  0%| F|  |TAMS 0x0000000098200000, 0x0000000098200000| Untracked 
| 103|0x0000000098300000, 0x0000000098300000, 0x0000000098400000|  0%| F|  |TAMS 0x0000000098300000, 0x0000000098300000| Untracked 
| 104|0x0000000098400000, 0x0000000098400000, 0x0000000098500000|  0%| F|  |TAMS 0x0000000098400000, 0x0000000098400000| Untracked 
| 105|0x0000000098500000, 0x0000000098500000, 0x0000000098600000|  0%| F|  |TAMS 0x0000000098500000, 0x0000000098500000| Untracked 
| 106|0x0000000098600000, 0x0000000098600000, 0x0000000098700000|  0%| F|  |TAMS 0x0000000098600000, 0x0000000098600000| Untracked 
| 107|0x0000000098700000, 0x0000000098700000, 0x0000000098800000|  0%| F|  |TAMS 0x0000000098700000, 0x0000000098700000| Untracked 
| 108|0x0000000098800000, 0x0000000098800000, 0x0000000098900000|  0%| F|  |TAMS 0x0000000098800000, 0x0000000098800000| Untracked 
| 109|0x0000000098900000, 0x0000000098900000, 0x0000000098a00000|  0%| F|  |TAMS 0x0000000098900000, 0x0000000098900000| Untracked 
| 110|0x0000000098a00000, 0x0000000098a80800, 0x0000000098b00000| 50%| E|  |TAMS 0x0000000098a00000, 0x0000000098a00000| Complete 
| 111|0x0000000098b00000, 0x0000000098c00000, 0x0000000098c00000|100%| E|CS|TAMS 0x0000000098b00000, 0x0000000098b00000| Complete 

Card table byte_map: [0x000001a22f0c0000,0x000001a22f440000] _byte_map_base: 0x000001a22ec32000

Marking Bits (Prev, Next): (CMBitMap*) 0x000001a2168e8dc0, (CMBitMap*) 0x000001a2168e8e00
 Prev Bits: [0x000001a22f7c0000, 0x000001a231350000)
 Next Bits: [0x000001a231350000, 0x000001a232ee0000)

Polling page: 0x000001a216710000

Metaspace:

Usage:
  Non-class:     12.71 MB used.
      Class:      1.73 MB used.
       Both:     14.44 MB used.

Virtual space:
  Non-class space:       64.00 MB reserved,      12.81 MB ( 20%) committed,  1 nodes.
      Class space:        1.00 GB reserved,       1.81 MB ( <1%) committed,  1 nodes.
             Both:        1.06 GB reserved,      14.62 MB (  1%) committed. 

Chunk freelists:
   Non-Class:  2.39 MB
       Class:  14.01 MB
        Both:  16.40 MB

MaxMetaspaceSize: unlimited
CompressedClassSpaceSize: 1.00 GB
Initial GC threshold: 21.00 MB
Current GC threshold: 21.00 MB
CDS: on
MetaspaceReclaimPolicy: balanced
 - commit_granule_bytes: 65536.
 - commit_granule_words: 8192.
 - virtual_space_node_default_size: 8388608.
 - enlarge_chunks_in_place: 1.
 - new_chunks_are_fully_committed: 0.
 - uncommit_free_chunks: 1.
 - use_allocation_guard: 0.
 - handle_deallocations: 1.


Internal statistics:

num_allocs_failed_limit: 0.
num_arena_births: 80.
num_arena_deaths: 0.
num_vsnodes_births: 2.
num_vsnodes_deaths: 0.
num_space_committed: 234.
num_space_uncommitted: 0.
num_chunks_returned_to_freelist: 0.
num_chunks_taken_from_freelist: 593.
num_chunk_merges: 0.
num_chunk_splits: 411.
num_chunks_enlarged: 329.
num_inconsistent_stats: 0.

CodeHeap 'non-profiled nmethods': size=120064Kb used=1136Kb max_used=1136Kb free=118927Kb
 bounds [0x000001a227400000, 0x000001a227670000, 0x000001a22e940000]
CodeHeap 'profiled nmethods': size=120000Kb used=6044Kb max_used=6044Kb free=113956Kb
 bounds [0x000001a21f940000, 0x000001a21ff30000, 0x000001a226e70000]
CodeHeap 'non-nmethods': size=5696Kb used=1176Kb max_used=1207Kb free=4519Kb
 bounds [0x000001a226e70000, 0x000001a2270e0000, 0x000001a227400000]
 total_blobs=3360 nmethods=2891 adapters=382
 compilation: enabled
              stopped_count=0, restarted_count=0
 full_count=0

Compilation events (20 events):
Event: 422.730 Thread 0x000001a2352944d0 nmethod 2864 0x000001a227519610 code [0x000001a2275197c0, 0x000001a227519e08]
Event: 424.684 Thread 0x000001a235294e90 2869       3       sun.nio.fs.WindowsPath::getFileSystem (5 bytes)
Event: 424.685 Thread 0x000001a235294e90 nmethod 2869 0x000001a21ff1b310 code [0x000001a21ff1b4a0, 0x000001a21ff1b5d8]
Event: 425.499 Thread 0x000001a235294e90 2870       3       sun.nio.cs.StreamDecoder::implRead (243 bytes)
Event: 425.501 Thread 0x000001a235294e90 nmethod 2870 0x000001a21ff1b690 code [0x000001a21ff1b920, 0x000001a21ff1c738]
Event: 425.501 Thread 0x000001a235294e90 2872       1       org.eclipse.aether.DefaultRepositorySystemSession::getData (5 bytes)
Event: 425.501 Thread 0x000001a235294e90 nmethod 2872 0x000001a22751a190 code [0x000001a22751a320, 0x000001a22751a3f8]
Event: 425.501 Thread 0x000001a235294e90 2871       1       org.apache.maven.model.Parent::getVersion (5 bytes)
Event: 425.501 Thread 0x000001a235294e90 nmethod 2871 0x000001a22751a490 code [0x000001a22751a620, 0x000001a22751a6f8]
Event: 429.694 Thread 0x000001a235294e90 2873       1       org.eclipse.aether.repository.RemoteRepository::getProtocol (5 bytes)
Event: 429.694 Thread 0x000001a235294e90 nmethod 2873 0x000001a22751a790 code [0x000001a22751a920, 0x000001a22751a9f8]
Event: 429.694 Thread 0x000001a235294e90 2874       3       java.util.LinkedHashMap::<init> (11 bytes)
Event: 429.694 Thread 0x000001a235294e90 nmethod 2874 0x000001a21ff1cc10 code [0x000001a21ff1cde0, 0x000001a21ff1cfa8]
Event: 429.694 Thread 0x000001a235294e90 2875       3       org.apache.maven.model.PluginContainer::getPlugins (23 bytes)
Event: 429.695 Thread 0x000001a2352944d0 2878   !   4       org.apache.maven.model.interpolation.StringVisitorModelInterpolator$1::interpolate (97 bytes)
Event: 429.695 Thread 0x000001a235294e90 nmethod 2875 0x000001a21ff1d090 code [0x000001a21ff1d260, 0x000001a21ff1d658]
Event: 429.695 Thread 0x000001a235294e90 2876       1       org.apache.maven.model.RepositoryBase::getUrl (5 bytes)
Event: 429.695 Thread 0x000001a235294e90 nmethod 2876 0x000001a22751aa90 code [0x000001a22751ac20, 0x000001a22751acf8]
Event: 429.695 Thread 0x000001a235294e90 2877       1       org.apache.maven.model.RepositoryBase::getLayout (5 bytes)
Event: 429.695 Thread 0x000001a235294e90 nmethod 2877 0x000001a22751ad90 code [0x000001a22751af20, 0x000001a22751aff8]

GC Heap History (10 events):
Event: 201.171 GC heap before
{Heap before GC invocations=0 (full 0):
 garbage-first heap   total 114688K, used 5120K [0x0000000091c00000, 0x0000000100000000)
  region size 1024K, 6 young (6144K), 0 survivors (0K)
 Metaspace       used 1984K, committed 2176K, reserved 1114112K
  class space    used 186K, committed 256K, reserved 1048576K
}
Event: 202.186 GC heap after
{Heap after GC invocations=1 (full 0):
 garbage-first heap   total 114688K, used 2240K [0x0000000091c00000, 0x0000000100000000)
  region size 1024K, 1 young (1024K), 1 survivors (1024K)
 Metaspace       used 1984K, committed 2176K, reserved 1114112K
  class space    used 186K, committed 256K, reserved 1048576K
}
Event: 212.877 GC heap before
{Heap before GC invocations=1 (full 0):
 garbage-first heap   total 114688K, used 5312K [0x0000000091c00000, 0x0000000100000000)
  region size 1024K, 5 young (5120K), 1 survivors (1024K)
 Metaspace       used 2929K, committed 3136K, reserved 1114112K
  class space    used 307K, committed 384K, reserved 1048576K
}
Event: 212.887 GC heap after
{Heap after GC invocations=2 (full 0):
 garbage-first heap   total 114688K, used 3337K [0x0000000091c00000, 0x0000000100000000)
  region size 1024K, 1 young (1024K), 1 survivors (1024K)
 Metaspace       used 2929K, committed 3136K, reserved 1114112K
  class space    used 307K, committed 384K, reserved 1048576K
}
Event: 223.752 GC heap before
{Heap before GC invocations=2 (full 0):
 garbage-first heap   total 114688K, used 6409K [0x0000000091c00000, 0x0000000100000000)
  region size 1024K, 5 young (5120K), 1 survivors (1024K)
 Metaspace       used 4196K, committed 4416K, reserved 1114112K
  class space    used 466K, committed 576K, reserved 1048576K
}
Event: 223.756 GC heap after
{Heap after GC invocations=3 (full 0):
 garbage-first heap   total 114688K, used 3561K [0x0000000091c00000, 0x0000000100000000)
  region size 1024K, 1 young (1024K), 1 survivors (1024K)
 Metaspace       used 4196K, committed 4416K, reserved 1114112K
  class space    used 466K, committed 576K, reserved 1048576K
}
Event: 235.514 GC heap before
{Heap before GC invocations=3 (full 0):
 garbage-first heap   total 114688K, used 12777K [0x0000000091c00000, 0x0000000100000000)
  region size 1024K, 10 young (10240K), 1 survivors (1024K)
 Metaspace       used 5573K, committed 5760K, reserved 1114112K
  class space    used 667K, committed 768K, reserved 1048576K
}
Event: 235.517 GC heap after
{Heap after GC invocations=4 (full 0):
 garbage-first heap   total 114688K, used 4020K [0x0000000091c00000, 0x0000000100000000)
  region size 1024K, 1 young (1024K), 1 survivors (1024K)
 Metaspace       used 5573K, committed 5760K, reserved 1114112K
  class space    used 667K, committed 768K, reserved 1048576K
}
Event: 419.195 GC heap before
{Heap before GC invocations=4 (full 0):
 garbage-first heap   total 114688K, used 63412K [0x0000000091c00000, 0x0000000100000000)
  region size 1024K, 59 young (60416K), 1 survivors (1024K)
 Metaspace       used 14772K, committed 14976K, reserved 1114112K
  class space    used 1773K, committed 1856K, reserved 1048576K
}
Event: 419.223 GC heap after
{Heap after GC invocations=5 (full 0):
 garbage-first heap   total 114688K, used 8797K [0x0000000091c00000, 0x0000000100000000)
  region size 1024K, 6 young (6144K), 6 survivors (6144K)
 Metaspace       used 14772K, committed 14976K, reserved 1114112K
  class space    used 1773K, committed 1856K, reserved 1048576K
}

Deoptimization events (20 events):
Event: 328.763 Thread 0x000001a216896910 DEOPT PACKING pc=0x000001a227506ce0 sp=0x0000006b826fd5d0
Event: 328.763 Thread 0x000001a216896910 DEOPT UNPACKING pc=0x000001a226ec23a3 sp=0x0000006b826fd558 mode 2
Event: 333.827 Thread 0x000001a216896910 DEOPT PACKING pc=0x000001a21fee07a6 sp=0x0000006b826fd600
Event: 333.827 Thread 0x000001a216896910 DEOPT UNPACKING pc=0x000001a226ec2b43 sp=0x0000006b826fcb28 mode 0
Event: 333.839 Thread 0x000001a216896910 DEOPT PACKING pc=0x000001a21fee07a6 sp=0x0000006b826fd510
Event: 333.839 Thread 0x000001a216896910 DEOPT UNPACKING pc=0x000001a226ec2b43 sp=0x0000006b826fca38 mode 0
Event: 333.866 Thread 0x000001a216896910 Uncommon trap: trap_request=0xffffff45 fr.pc=0x000001a227510318 relative=0x0000000000000098
Event: 333.866 Thread 0x000001a216896910 Uncommon trap: reason=unstable_if action=reinterpret pc=0x000001a227510318 method=org.apache.maven.model.validation.DefaultModelValidator.isValidIdCharacter(C)Z @ 33 c2
Event: 333.866 Thread 0x000001a216896910 DEOPT PACKING pc=0x000001a227510318 sp=0x0000006b826fdaf0
Event: 333.866 Thread 0x000001a216896910 DEOPT UNPACKING pc=0x000001a226ec23a3 sp=0x0000006b826fda78 mode 2
Event: 345.096 Thread 0x000001a216896910 DEOPT PACKING pc=0x000001a21fee07a6 sp=0x0000006b826fd870
Event: 345.096 Thread 0x000001a216896910 DEOPT UNPACKING pc=0x000001a226ec2b43 sp=0x0000006b826fcd98 mode 0
Event: 411.231 Thread 0x000001a216896910 Uncommon trap: trap_request=0xffffff45 fr.pc=0x000001a227511b70 relative=0x0000000000001330
Event: 411.231 Thread 0x000001a216896910 Uncommon trap: reason=unstable_if action=reinterpret pc=0x000001a227511b70 method=org.codehaus.plexus.util.xml.pull.MXParser.nextImpl()I @ 310 c2
Event: 411.231 Thread 0x000001a216896910 DEOPT PACKING pc=0x000001a227511b70 sp=0x0000006b826fd940
Event: 411.231 Thread 0x000001a216896910 DEOPT UNPACKING pc=0x000001a226ec23a3 sp=0x0000006b826fd8d0 mode 2
Event: 411.245 Thread 0x000001a216896910 DEOPT PACKING pc=0x000001a21ff01a26 sp=0x0000006b826fd680
Event: 411.245 Thread 0x000001a216896910 DEOPT UNPACKING pc=0x000001a226ec2b43 sp=0x0000006b826fcba8 mode 0
Event: 419.191 Thread 0x000001a216896910 DEOPT PACKING pc=0x000001a21ff01a26 sp=0x0000006b826fda20
Event: 419.191 Thread 0x000001a216896910 DEOPT UNPACKING pc=0x000001a226ec2b43 sp=0x0000006b826fcf48 mode 0

Classes unloaded (0 events):
No events

Classes redefined (0 events):
No events

Internal exceptions (20 events):
Event: 203.435 Thread 0x000001a216896910 Exception <a 'java/lang/NoSuchMethodError'{0x0000000098b8a500}: 'java.lang.Object java.lang.invoke.DirectMethodHandle$Holder.invokeSpecialIFC(java.lang.Object, java.lang.Object, java.lang.Object, java.lang.Object)'> (0x0000000098b8a500) 
thrown [s\open\src\hotspot\share\interpreter\linkResolver.cpp, line 759]
Event: 218.814 Thread 0x000001a216896910 Exception <a 'java/lang/NoSuchMethodError'{0x0000000098931628}: 'java.lang.Object java.lang.invoke.DirectMethodHandle$Holder.invokeStaticInit(java.lang.Object)'> (0x0000000098931628) 
thrown [s\open\src\hotspot\share\interpreter\linkResolver.cpp, line 759]
Event: 218.921 Thread 0x000001a216896910 Exception <a 'java/lang/NoSuchMethodError'{0x000000009894e238}: 'void java.lang.invoke.DirectMethodHandle$Holder.invokeSpecial(java.lang.Object, java.lang.Object, java.lang.Object)'> (0x000000009894e238) 
thrown [s\open\src\hotspot\share\interpreter\linkResolver.cpp, line 759]
Event: 222.728 Thread 0x000001a216896910 Exception <a 'java/lang/NoSuchMethodError'{0x00000000988aaac0}: 'java.lang.Object java.lang.invoke.DirectMethodHandle$Holder.invokeInterface(java.lang.Object, java.lang.Object)'> (0x00000000988aaac0) 
thrown [s\open\src\hotspot\share\interpreter\linkResolver.cpp, line 759]
Event: 224.303 Thread 0x000001a216896910 Exception <a 'java/lang/NoSuchMethodError'{0x0000000098b5dc60}: 'java.lang.Object java.lang.invoke.Invokers$Holder.invokeExact_MT(java.lang.Object, java.lang.Object, java.lang.Object, java.lang.Object, java.lang.Object, java.lang.Object)'> (0x0000000098b5dc60) 
thrown [s\open\src\hotspot\share\interpreter\linkResolver.cpp, line 759]
Event: 224.309 Thread 0x000001a216896910 Exception <a 'java/lang/NoSuchMethodError'{0x0000000098b6f340}: 'int java.lang.invoke.DirectMethodHandle$Holder.invokeSpecialIFC(java.lang.Object, java.lang.Object, java.lang.Object, java.lang.Object, java.lang.Object)'> (0x0000000098b6f340) 
thrown [s\open\src\hotspot\share\interpreter\linkResolver.cpp, line 759]
Event: 230.017 Thread 0x000001a216896910 Exception <a 'java/lang/NoSuchMethodError'{0x000000009890fd70}: 'java.lang.Object java.lang.invoke.DirectMethodHandle$Holder.newInvokeSpecial(java.lang.Object, java.lang.Object, java.lang.Object, java.lang.Object, java.lang.Object)'> (0x000000009890fd70) 
thrown [s\open\src\hotspot\share\interpreter\linkResolver.cpp, line 759]
Event: 232.538 Thread 0x000001a216896910 Exception <a 'java/lang/NoSuchMethodError'{0x0000000098811f20}: 'int java.lang.invoke.DirectMethodHandle$Holder.invokeStaticInit(java.lang.Object, java.lang.Object)'> (0x0000000098811f20) 
thrown [s\open\src\hotspot\share\interpreter\linkResolver.cpp, line 759]
Event: 232.731 Thread 0x000001a216896910 Exception <a 'java/lang/NoClassDefFoundError'{0x000000009884a4b0}: javax/enterprise/inject/Typed> (0x000000009884a4b0) 
thrown [s\open\src\hotspot\share\classfile\systemDictionary.cpp, line 245]
Event: 256.862 Thread 0x000001a216896910 Exception <a 'java/lang/NoSuchMethodError'{0x0000000096b87060}: 'void java.lang.invoke.DirectMethodHandle$Holder.invokeStaticInit(java.lang.Object, java.lang.Object, java.lang.Object)'> (0x0000000096b87060) 
thrown [s\open\src\hotspot\share\interpreter\linkResolver.cpp, line 759]
Event: 257.191 Thread 0x000001a216896910 Exception <a 'java/lang/ExceptionInInitializerError'{0x0000000096bb1c18}> (0x0000000096bb1c18) 
thrown [s\open\src\hotspot\share\oops\instanceKlass.cpp, line 1216]
Event: 257.794 Thread 0x000001a216896910 Implicit null exception at 0x000001a2274708af to 0x000001a227470a0c
Event: 257.801 Thread 0x000001a216896910 Exception <a 'java/lang/NoSuchMethodError'{0x0000000096abfa20}: 'java.lang.Object java.lang.invoke.Invokers$Holder.invokeExact_MT(java.lang.Object, int, java.lang.Object)'> (0x0000000096abfa20) 
thrown [s\open\src\hotspot\share\interpreter\linkResolver.cpp, line 759]
Event: 257.854 Thread 0x000001a216896910 Exception <a 'java/lang/NoSuchMethodError'{0x0000000096917c18}: 'void java.lang.invoke.DirectMethodHandle$Holder.invokeStatic(java.lang.Object, java.lang.Object)'> (0x0000000096917c18) 
thrown [s\open\src\hotspot\share\interpreter\linkResolver.cpp, line 759]
Event: 257.861 Thread 0x000001a216896910 Exception <a 'java/lang/NoSuchMethodError'{0x0000000096927618}: 'int java.lang.invoke.DirectMethodHandle$Holder.invokeSpecial(java.lang.Object, java.lang.Object, java.lang.Object, java.lang.Object)'> (0x0000000096927618) 
thrown [s\open\src\hotspot\share\interpreter\linkResolver.cpp, line 759]
Event: 260.232 Thread 0x000001a216896910 Exception <a 'java/lang/NoClassDefFoundError'{0x000000009612a580}: com/google/inject/servlet/ServletModuleTargetVisitor> (0x000000009612a580) 
thrown [s\open\src\hotspot\share\classfile\systemDictionary.cpp, line 245]
Event: 260.838 Thread 0x000001a216896910 Exception <a 'java/lang/NoSuchMethodError'{0x00000000960baaf0}: 'void java.lang.invoke.DirectMethodHandle$Holder.invokeVirtual(java.lang.Object, java.lang.Object)'> (0x00000000960baaf0) 
thrown [s\open\src\hotspot\share\interpreter\linkResolver.cpp, line 759]
Event: 262.376 Thread 0x000001a216896910 Exception <a 'java/lang/NoSuchMethodError'{0x0000000095f327c8}: 'java.lang.Object java.lang.invoke.DirectMethodHandle$Holder.invokeStaticInit(java.lang.Object, int, int, int, int)'> (0x0000000095f327c8) 
thrown [s\open\src\hotspot\share\interpreter\linkResolver.cpp, line 759]
Event: 267.710 Thread 0x000001a216896910 Implicit null exception at 0x000001a227430c72 to 0x000001a227431224
Event: 267.710 Thread 0x000001a216896910 Implicit null exception at 0x000001a227424072 to 0x000001a22742465c

VM Operations (20 events):
Event: 334.538 Executing VM operation: Cleanup
Event: 334.538 Executing VM operation: Cleanup done
Event: 351.698 Executing VM operation: Cleanup
Event: 351.698 Executing VM operation: Cleanup done
Event: 352.698 Executing VM operation: Cleanup
Event: 352.699 Executing VM operation: Cleanup done
Event: 356.723 Executing VM operation: Cleanup
Event: 356.723 Executing VM operation: Cleanup done
Event: 398.086 Executing VM operation: Cleanup
Event: 398.086 Executing VM operation: Cleanup done
Event: 402.129 Executing VM operation: Cleanup
Event: 402.129 Executing VM operation: Cleanup done
Event: 412.203 Executing VM operation: Cleanup
Event: 412.203 Executing VM operation: Cleanup done
Event: 415.225 Executing VM operation: Cleanup
Event: 415.225 Executing VM operation: Cleanup done
Event: 419.195 Executing VM operation: G1CollectForAllocation
Event: 419.224 Executing VM operation: G1CollectForAllocation done
Event: 420.237 Executing VM operation: Cleanup
Event: 420.237 Executing VM operation: Cleanup done

Events (20 events):
Event: 270.699 loading class sun/nio/ch/FileLockImpl
Event: 271.129 loading class sun/nio/ch/FileLockImpl done
Event: 271.129 loading class sun/nio/ch/FileLockTable
Event: 271.260 loading class sun/nio/ch/FileLockTable done
Event: 271.260 loading class sun/nio/ch/FileKey
Event: 271.383 loading class sun/nio/ch/FileKey done
Event: 271.384 loading class sun/nio/ch/FileLockTable$FileLockReference
Event: 271.384 loading class sun/nio/ch/FileLockTable$FileLockReference done
Event: 271.384 loading class java/nio/channels/spi/AbstractInterruptibleChannel$1
Event: 271.446 loading class sun/nio/ch/Interruptible
Event: 271.446 loading class sun/nio/ch/Interruptible done
Event: 271.446 loading class java/nio/channels/spi/AbstractInterruptibleChannel$1 done
Event: 271.447 loading class java/util/AbstractMap$2
Event: 271.742 loading class java/util/AbstractMap$2 done
Event: 271.742 loading class java/util/AbstractMap$2$1
Event: 271.743 loading class java/util/AbstractMap$2$1 done
Event: 274.956 loading class java/lang/Short$ShortCache
Event: 275.044 loading class java/lang/Short$ShortCache done
Event: 275.058 loading class java/lang/Byte$ByteCache
Event: 275.058 loading class java/lang/Byte$ByteCache done


Dynamic libraries:
0x00007ff793e00000 - 0x00007ff793e10000 	c:\projects\thirdPartyComponents\jdk-17.0.12\bin\java.exe
0x00007ffc9a5d0000 - 0x00007ffc9a7c8000 	C:\WINDOWS\SYSTEM32\ntdll.dll
0x00007ffc998c0000 - 0x00007ffc99982000 	C:\WINDOWS\System32\KERNEL32.DLL
0x00007ffc97f20000 - 0x00007ffc98216000 	C:\WINDOWS\System32\KERNELBASE.dll
0x00007ffc93080000 - 0x00007ffc93099000 	c:\projects\thirdPartyComponents\jdk-17.0.12\bin\jli.dll
0x00007ffc9a270000 - 0x00007ffc9a31f000 	C:\WINDOWS\System32\ADVAPI32.dll
0x00007ffc994c0000 - 0x00007ffc9955e000 	C:\WINDOWS\System32\msvcrt.dll
0x00007ffc98a40000 - 0x00007ffc98adf000 	C:\WINDOWS\System32\sechost.dll
0x00007ffc9a460000 - 0x00007ffc9a583000 	C:\WINDOWS\System32\RPCRT4.dll
0x00007ffc98540000 - 0x00007ffc98567000 	C:\WINDOWS\System32\bcrypt.dll
0x00007ffc97e20000 - 0x00007ffc97f20000 	C:\WINDOWS\System32\ucrtbase.dll
0x00007ffc996a0000 - 0x00007ffc9983d000 	C:\WINDOWS\System32\USER32.dll
0x00007ffc98570000 - 0x00007ffc98592000 	C:\WINDOWS\System32\win32u.dll
0x00007ffc99560000 - 0x00007ffc9958b000 	C:\WINDOWS\System32\GDI32.dll
0x00007ffc98220000 - 0x00007ffc9833a000 	C:\WINDOWS\System32\gdi32full.dll
0x00007ffc98340000 - 0x00007ffc983dd000 	C:\WINDOWS\System32\msvcp_win.dll
0x00007ffc92fc0000 - 0x00007ffc92fdb000 	c:\projects\thirdPartyComponents\jdk-17.0.12\bin\VCRUNTIME140.dll
0x00007ffc8c3f0000 - 0x00007ffc8c3fa000 	C:\WINDOWS\SYSTEM32\VERSION.dll
0x00007ffc85070000 - 0x00007ffc8530a000 	C:\WINDOWS\WinSxS\amd64_microsoft.windows.common-controls_6595b64144ccf1df_6.0.19041.4355_none_60b8b9eb71f62e16\COMCTL32.dll
0x00007ffc985f0000 - 0x00007ffc9861f000 	C:\WINDOWS\System32\IMM32.DLL
0x00007ffc935b0000 - 0x00007ffc935bc000 	c:\projects\thirdPartyComponents\jdk-17.0.12\bin\vcruntime140_1.dll
0x00007ffc809f0000 - 0x00007ffc80a7e000 	c:\projects\thirdPartyComponents\jdk-17.0.12\bin\msvcp140.dll
0x00007ffc4dd90000 - 0x00007ffc4e970000 	c:\projects\thirdPartyComponents\jdk-17.0.12\bin\server\jvm.dll
0x00007ffc83960000 - 0x00007ffc83969000 	C:\WINDOWS\SYSTEM32\WSOCK32.dll
0x00007ffc99320000 - 0x00007ffc9938b000 	C:\WINDOWS\System32\WS2_32.dll
0x00007ffc8c400000 - 0x00007ffc8c427000 	C:\WINDOWS\SYSTEM32\WINMM.dll
0x00007ffc9a260000 - 0x00007ffc9a268000 	C:\WINDOWS\System32\PSAPI.DLL
0x00007ffc95cc0000 - 0x00007ffc95cd2000 	C:\WINDOWS\SYSTEM32\kernel.appcore.dll
0x00007ffc93510000 - 0x00007ffc9351a000 	c:\projects\thirdPartyComponents\jdk-17.0.12\bin\jimage.dll
0x00007ffc95ab0000 - 0x00007ffc95c94000 	C:\WINDOWS\SYSTEM32\DBGHELP.DLL
0x00007ffc85970000 - 0x00007ffc859a4000 	C:\WINDOWS\SYSTEM32\dbgcore.DLL
0x00007ffc97ce0000 - 0x00007ffc97d62000 	C:\WINDOWS\System32\bcryptPrimitives.dll
0x00007ffc913d0000 - 0x00007ffc913f5000 	c:\projects\thirdPartyComponents\jdk-17.0.12\bin\java.dll
0x00007ffc77c40000 - 0x00007ffc77d17000 	c:\projects\thirdPartyComponents\jdk-17.0.12\bin\jsvml.dll
0x00007ffc98bb0000 - 0x00007ffc9931f000 	C:\WINDOWS\System32\SHELL32.dll
0x00007ffc95ce0000 - 0x00007ffc96483000 	C:\WINDOWS\SYSTEM32\windows.storage.dll
0x00007ffc99f00000 - 0x00007ffc9a255000 	C:\WINDOWS\System32\combase.dll
0x00007ffc97620000 - 0x00007ffc9764b000 	C:\WINDOWS\SYSTEM32\Wldp.dll
0x00007ffc99390000 - 0x00007ffc9945d000 	C:\WINDOWS\System32\OLEAUT32.dll
0x00007ffc987d0000 - 0x00007ffc9887d000 	C:\WINDOWS\System32\SHCORE.dll
0x00007ffc99640000 - 0x00007ffc99695000 	C:\WINDOWS\System32\shlwapi.dll
0x00007ffc97b90000 - 0x00007ffc97bb5000 	C:\WINDOWS\SYSTEM32\profapi.dll
0x00007ffc93060000 - 0x00007ffc93079000 	C:\projects\thirdPartyComponents\jdk-17.0.12\bin\net.dll
0x00007ffc8f650000 - 0x00007ffc8f75a000 	C:\WINDOWS\SYSTEM32\WINHTTP.dll
0x00007ffc97380000 - 0x00007ffc973ec000 	C:\WINDOWS\system32\mswsock.dll
0x00007ffc93040000 - 0x00007ffc93056000 	C:\projects\thirdPartyComponents\jdk-17.0.12\bin\nio.dll
0x00007ffc93020000 - 0x00007ffc93038000 	C:\projects\thirdPartyComponents\jdk-17.0.12\bin\zip.dll
0x0000000069ac0000 - 0x0000000069ae4000 	C:\projects\thirdPartyComponents\apache-maven-3.9.6\lib\jansi-native\Windows\x86_64\jansi.dll
0x00007ffc93570000 - 0x00007ffc93580000 	c:\projects\thirdPartyComponents\jdk-17.0.12\bin\verify.dll

dbghelp: loaded successfully - version: 4.0.5 - missing functions: none
symbol engine: initialized successfully - sym options: 0x614 - pdb path: .;c:\projects\thirdPartyComponents\jdk-17.0.12\bin;C:\WINDOWS\SYSTEM32;C:\WINDOWS\WinSxS\amd64_microsoft.windows.common-controls_6595b64144ccf1df_6.0.19041.4355_none_60b8b9eb71f62e16;c:\projects\thirdPartyComponents\jdk-17.0.12\bin\server;C:\projects\thirdPartyComponents\apache-maven-3.9.6\lib\jansi-native\Windows\x86_64

VM Arguments:
jvm_args: -Dclassworlds.conf=C:\projects\thirdPartyComponents\apache-maven-3.9.6\bin\m2.conf -Dmaven.home=C:\projects\thirdPartyComponents\apache-maven-3.9.6 -Dlibrary.jansi.path=C:\projects\thirdPartyComponents\apache-maven-3.9.6\lib\jansi-native -Dmaven.multiModuleProjectDirectory=C:\Users\Computer\training\spring\persistence\workspace\spring-boot-jpa 
java_command: org.codehaus.plexus.classworlds.launcher.Launcher spring-boot:run
java_class_path (initial): C:\projects\thirdPartyComponents\apache-maven-3.9.6\boot\plexus-classworlds-2.7.0.jar
Launcher Type: SUN_STANDARD

[Global flags]
     intx CICompilerCount                          = 2                                         {product} {ergonomic}
     uint ConcGCThreads                            = 1                                         {product} {ergonomic}
     uint G1ConcRefinementThreads                  = 2                                         {product} {ergonomic}
   size_t G1HeapRegionSize                         = 1048576                                   {product} {ergonomic}
    uintx GCDrainStackTargetSize                   = 64                                        {product} {ergonomic}
   size_t InitialHeapSize                          = 117440512                                 {product} {ergonomic}
   size_t MarkStackSize                            = 4194304                                   {product} {ergonomic}
   size_t MaxHeapSize                              = 1849688064                                {product} {ergonomic}
   size_t MaxNewSize                               = 1109393408                                {product} {ergonomic}
   size_t MinHeapDeltaBytes                        = 1048576                                   {product} {ergonomic}
   size_t MinHeapSize                              = 8388608                                   {product} {ergonomic}
    uintx NonNMethodCodeHeapSize                   = 5826188                                {pd product} {ergonomic}
    uintx NonProfiledCodeHeapSize                  = 122916026                              {pd product} {ergonomic}
    uintx ProfiledCodeHeapSize                     = 122916026                              {pd product} {ergonomic}
    uintx ReservedCodeCacheSize                    = 251658240                              {pd product} {ergonomic}
     bool SegmentedCodeCache                       = true                                      {product} {ergonomic}
   size_t SoftMaxHeapSize                          = 1849688064                             {manageable} {ergonomic}
     bool UseCompressedClassPointers               = true                           {product lp64_product} {ergonomic}
     bool UseCompressedOops                        = true                           {product lp64_product} {ergonomic}
     bool UseG1GC                                  = true                                      {product} {ergonomic}
     bool UseLargePagesIndividualAllocation        = false                                  {pd product} {ergonomic}

Logging:
Log output configuration:
 #0: stdout all=warning uptime,level,tags
 #1: stderr all=off uptime,level,tags

Environment Variables:
JAVA_HOME=c:\projects\thirdPartyComponents\jdk-17.0.12
PATH=C:\Program Files\Java\jdk-17\bin;C:\Python312\Scripts\;C:\Python312\;C:\WINDOWS\system32;C:\WINDOWS;C:\WINDOWS\System32\Wbem;C:\WINDOWS\System32\WindowsPowerShell\v1.0\;C:\WINDOWS\System32\OpenSSH\;C:\Users\Computer\AppData\Local\Programs\Python\Python38-32;c:\Users\Computer\AppData\Local\Programs\sqlite-tools-win32-x86-3330000;C:\Users\Computer\AppData\Local\Programs\Python\Python38-32\Scripts;C:\Users\Computer\AppData\Local\DB Browser for SQLite;c:\projects\thirdPartyComponents\jdk-17.0.12\bin;C:\ProgramData\chocolatey\bin;c:\projects\thirdPartyComponents\mongosh-2.2.4-win32-x64\bin;C:\projects\thirdPartyComponents\apache-maven-3.9.6\bin;C:\projects\thirdPartyComponents\sqlite;C:\projects\thirdPartyComponents\gradle-8.7\bin;C:\Program Files\Git\cmd;c:\projects\thirdPartyComponents\db-derby-10.16.1.1-bin\bin;C:\projects\thirdPartyComponents\nodejs\;C:\Users\Computer\AppData\Local\Microsoft\WindowsApps;C:\Users\Computer\AppData\Local\Programs\Microsoft VS Code\bin;C:\Users\Computer\AppData\Roaming\npm
USERNAME=Computer
OS=Windows_NT
PROCESSOR_IDENTIFIER=AMD64 Family 21 Model 112 Stepping 0, AuthenticAMD



---------------  S Y S T E M  ---------------

OS:
 Windows 10 , 64 bit Build 19041 (10.0.19041.5678)
OS uptime: 0 days 1:09 hours

CPU: total 2 (initial active 2) (2 cores per cpu, 1 threads per core) family 21 model 112 stepping 0 microcode 0x0, cx8, cmov, fxsr, mmx, 3dnowpref, sse, sse2, sse3, ssse3, sse4a, sse4.1, sse4.2, popcnt, lzcnt, tsc, tscinvbit, avx, avx2, aes, clmul, bmi1, bmi2, fma, vzeroupper, clflush

Memory: 4k page, system-wide physical 7055M (559M free)
TotalPageFile size 28559M (AvailPageFile size 0M)
current process WorkingSet (physical memory assigned to process): 132M, peak: 133M
current process commit charge ("private bytes"): 208M, peak: 218M

vm_info: Java HotSpot(TM) 64-Bit Server VM (17.0.12+8-LTS-286) for windows-amd64 JRE (17.0.12+8-LTS-286), built on Jun  5 2024 06:46:59 by "mach5one" with MS VC++ 17.6 (VS2022)

END.
