#
# There is insufficient memory for the Java Runtime Environment to continue.
# Native memory allocation (mmap) failed to map 65536 bytes for Failed to commit metaspace.
# Possible reasons:
#   The system is out of physical RAM or swap space
#   The process is running with CompressedOops enabled, and the Java Heap may be blocking the growth of the native heap
# Possible solutions:
#   Reduce memory load on the system
#   Increase physical memory or swap space
#   Check if swap backing store is full
#   Decrease Java heap size (-Xmx/-Xms)
#   Decrease Java thread stack sizes (-Xss)
#   Set larger code cache with -XX:ReservedCodeCacheSize=
#   JVM is running with Unscaled Compressed Oops mode in which the Java heap is
#     placed in the first 4GB address space. The Java Heap base address is the
#     maximum limit for the native heap growth. Please use -XX:HeapBaseMinAddress
#     to set the Java Heap base and to place the Java Heap above 4GB virtual address.
# This output file may be truncated or incomplete.
#
#  Out of Memory Error (virtualSpaceNode.cpp:110), pid=4508, tid=13220
#
# JRE version: Java(TM) SE Runtime Environment (17.0.12+8) (build 17.0.12+8-LTS-286)
# Java VM: Java HotSpot(TM) 64-Bit Server VM (17.0.12+8-LTS-286, mixed mode, sharing, tiered, compressed oops, compressed class ptrs, g1 gc, windows-amd64)
# No core dump will be written. Minidumps are not enabled by default on client versions of Windows
#

---------------  S U M M A R Y ------------

Command Line: -Dmaven.home=EMBEDDED -Dclassworlds.conf=C:\Users\Computer\training\spring\persistence\workspace\.metadata\.plugins\org.eclipse.m2e.launching\launches\m2conf1694064236074705930.tmp -Dmaven.multiModuleProjectDirectory=C:\Users\Computer\training\spring\persistence\workspace\spring-boot-jpa -Dfork=false -Dfile.encoding=Cp1252 -XX:+ShowCodeDetailsInExceptionMessages org.codehaus.plexus.classworlds.launcher.Launcher -B spring-boot:run

Host: AMD A9-9425 RADEON R5, 5 COMPUTE CORES 2C+3G   , 2 cores, 6G,  Windows 10 , 64 bit Build 19041 (10.0.19041.5678)
Time: Tue Apr 15 17:13:49 2025 Eastern Daylight Time elapsed time: 86.982470 seconds (0d 0h 1m 26s)

---------------  T H R E A D  ---------------

Current thread (0x0000024fa5c253b0):  JavaThread "main" [_thread_in_vm, id=13220, stack(0x000000c04a000000,0x000000c04a100000)]

Stack: [0x000000c04a000000,0x000000c04a100000]
Native frames: (J=compiled Java code, j=interpreted, Vv=VM code, C=native code)
V  [jvm.dll+0x67a04a]
V  [jvm.dll+0x7da4ed]
V  [jvm.dll+0x7dbe33]
V  [jvm.dll+0x7dc4a3]
V  [jvm.dll+0x24508f]
V  [jvm.dll+0x7d60bb]
V  [jvm.dll+0x6206c6]
V  [jvm.dll+0x1bed07]
V  [jvm.dll+0x623022]
V  [jvm.dll+0x621086]
V  [jvm.dll+0x62af77]
V  [jvm.dll+0x1e84b2]
V  [jvm.dll+0x1e89d5]
V  [jvm.dll+0x1e931b]
V  [jvm.dll+0x1dea41]
V  [jvm.dll+0x53f78c]
V  [jvm.dll+0x7553b8]
V  [jvm.dll+0x7554a4]
V  [jvm.dll+0x40d1af]
V  [jvm.dll+0x413c39]
C  [java.dll+0x17ec]

Java frames: (J=compiled Java code, j=interpreted, Vv=VM code)
J 790  java.lang.ClassLoader.defineClass1(Ljava/lang/ClassLoader;Ljava/lang/String;[BIILjava/security/ProtectionDomain;Ljava/lang/String;)Ljava/lang/Class; java.base@17.0.12 (0 bytes) @ 0x0000024fb4fec563 [0x0000024fb4fec4a0+0x00000000000000c3]
j  java.lang.ClassLoader.defineClass(Ljava/lang/String;[BIILjava/security/ProtectionDomain;)Ljava/lang/Class;+27 java.base@17.0.12
J 789 c1 java.security.SecureClassLoader.defineClass(Ljava/lang/String;[BIILjava/security/CodeSource;)Ljava/lang/Class; java.base@17.0.12 (16 bytes) @ 0x0000024fad672a0c [0x0000024fad672940+0x00000000000000cc]
j  java.net.URLClassLoader.defineClass(Ljava/lang/String;Ljdk/internal/loader/Resource;)Ljava/lang/Class;+220 java.base@17.0.12
j  java.net.URLClassLoader$1.run()Ljava/lang/Class;+43 java.base@17.0.12
j  java.net.URLClassLoader$1.run()Ljava/lang/Object;+1 java.base@17.0.12
J 586 c1 java.security.AccessController.doPrivileged(Ljava/security/PrivilegedExceptionAction;Ljava/security/AccessControlContext;)Ljava/lang/Object; java.base@17.0.12 (26 bytes) @ 0x0000024fad5f657c [0x0000024fad5f63a0+0x00000000000001dc]
j  java.net.URLClassLoader.findClass(Ljava/lang/String;)Ljava/lang/Class;+13 java.base@17.0.12
j  org.codehaus.plexus.classworlds.realm.ClassRealm.loadClassFromSelf(Ljava/lang/String;)Ljava/lang/Class;+20
J 803 c1 org.codehaus.plexus.classworlds.strategy.SelfFirstStrategy.loadClass(Ljava/lang/String;)Ljava/lang/Class; (50 bytes) @ 0x0000024fad679714 [0x0000024fad6794c0+0x0000000000000254]
J 796 c1 org.codehaus.plexus.classworlds.realm.ClassRealm.loadClass(Ljava/lang/String;Z)Ljava/lang/Class; (33 bytes) @ 0x0000024fad6748bc [0x0000024fad674760+0x000000000000015c]
J 589 c1 org.codehaus.plexus.classworlds.realm.ClassRealm.loadClass(Ljava/lang/String;)Ljava/lang/Class; (7 bytes) @ 0x0000024fad5f71cc [0x0000024fad5f7140+0x000000000000008c]
v  ~StubRoutines::call_stub
j  com.google.inject.internal.Initializer.<init>()V+21
j  com.google.inject.internal.InternalInjectorCreator.<init>()V+31
j  com.google.inject.Guice.createInjector(Lcom/google/inject/Stage;Ljava/lang/Iterable;)Lcom/google/inject/Injector;+4
j  com.google.inject.Guice.createInjector(Ljava/lang/Iterable;)Lcom/google/inject/Injector;+4
j  com.google.inject.Guice.createInjector([Lcom/google/inject/Module;)Lcom/google/inject/Injector;+4
j  org.codehaus.plexus.DefaultPlexusContainer.addPlexusInjector(Ljava/util/List;[Lcom/google/inject/Module;)Lcom/google/inject/Injector;+88
j  org.codehaus.plexus.DefaultPlexusContainer.<init>(Lorg/codehaus/plexus/ContainerConfiguration;[Lcom/google/inject/Module;)V+396
j  org.apache.maven.cli.MavenCli.container(Lorg/apache/maven/cli/CliRequest;)Lorg/codehaus/plexus/PlexusContainer;+275
j  org.apache.maven.cli.MavenCli.doMain(Lorg/apache/maven/cli/CliRequest;)I+29
j  org.apache.maven.cli.MavenCli.main([Ljava/lang/String;Lorg/codehaus/plexus/classworlds/ClassWorld;)I+24
v  ~StubRoutines::call_stub
j  jdk.internal.reflect.NativeMethodAccessorImpl.invoke0(Ljava/lang/reflect/Method;Ljava/lang/Object;[Ljava/lang/Object;)Ljava/lang/Object;+0 java.base@17.0.12
j  jdk.internal.reflect.NativeMethodAccessorImpl.invoke(Ljava/lang/Object;[Ljava/lang/Object;)Ljava/lang/Object;+133 java.base@17.0.12
j  jdk.internal.reflect.DelegatingMethodAccessorImpl.invoke(Ljava/lang/Object;[Ljava/lang/Object;)Ljava/lang/Object;+6 java.base@17.0.12
j  java.lang.reflect.Method.invoke(Ljava/lang/Object;[Ljava/lang/Object;)Ljava/lang/Object;+59 java.base@17.0.12
j  org.codehaus.plexus.classworlds.launcher.Launcher.launchEnhanced([Ljava/lang/String;)V+45
j  org.codehaus.plexus.classworlds.launcher.Launcher.launch([Ljava/lang/String;)V+2
j  org.codehaus.plexus.classworlds.launcher.Launcher.mainWithExitCode([Ljava/lang/String;)I+101
j  org.codehaus.plexus.classworlds.launcher.Launcher.main([Ljava/lang/String;)V+1
v  ~StubRoutines::call_stub

---------------  P R O C E S S  ---------------

Threads class SMR info:
_java_thread_list=0x0000024fc28b85b0, length=12, elements={
0x0000024fa5c253b0, 0x0000024fc265d310, 0x0000024fc265ea70, 0x0000024fc2676610,
0x0000024fc2678960, 0x0000024fc267b9e0, 0x0000024fc267ca50, 0x0000024fc2681360,
0x0000024fc2683be0, 0x0000024fc26f33d0, 0x0000024fc28ad2b0, 0x0000024fc28bb830
}

Java Threads: ( => current thread )
=>0x0000024fa5c253b0 JavaThread "main" [_thread_in_vm, id=13220, stack(0x000000c04a000000,0x000000c04a100000)]
  0x0000024fc265d310 JavaThread "Reference Handler" daemon [_thread_blocked, id=9524, stack(0x000000c04a700000,0x000000c04a800000)]
  0x0000024fc265ea70 JavaThread "Finalizer" daemon [_thread_blocked, id=7320, stack(0x000000c04a800000,0x000000c04a900000)]
  0x0000024fc2676610 JavaThread "Signal Dispatcher" daemon [_thread_blocked, id=11896, stack(0x000000c04a900000,0x000000c04aa00000)]
  0x0000024fc2678960 JavaThread "Attach Listener" daemon [_thread_blocked, id=11168, stack(0x000000c04aa00000,0x000000c04ab00000)]
  0x0000024fc267b9e0 JavaThread "Service Thread" daemon [_thread_blocked, id=12060, stack(0x000000c04ab00000,0x000000c04ac00000)]
  0x0000024fc267ca50 JavaThread "Monitor Deflation Thread" daemon [_thread_blocked, id=13168, stack(0x000000c04ac00000,0x000000c04ad00000)]
  0x0000024fc2681360 JavaThread "C2 CompilerThread0" daemon [_thread_blocked, id=9596, stack(0x000000c04ad00000,0x000000c04ae00000)]
  0x0000024fc2683be0 JavaThread "C1 CompilerThread0" daemon [_thread_blocked, id=6984, stack(0x000000c04ae00000,0x000000c04af00000)]
  0x0000024fc26f33d0 JavaThread "Sweeper thread" daemon [_thread_blocked, id=12552, stack(0x000000c04af00000,0x000000c04b000000)]
  0x0000024fc28ad2b0 JavaThread "Notification Thread" daemon [_thread_blocked, id=7380, stack(0x000000c04b000000,0x000000c04b100000)]
  0x0000024fc28bb830 JavaThread "Common-Cleaner" daemon [_thread_blocked, id=4444, stack(0x000000c04b200000,0x000000c04b300000)]

Other Threads:
  0x0000024fc26586b0 VMThread "VM Thread" [stack: 0x000000c04a600000,0x000000c04a700000] [id=9508]
  0x0000024fc28b33c0 WatcherThread [stack: 0x000000c04b100000,0x000000c04b200000] [id=5232]
  0x0000024fa5c766c0 GCTaskThread "GC Thread#0" [stack: 0x000000c04a100000,0x000000c04a200000] [id=11684]
  0x0000024fc26be860 GCTaskThread "GC Thread#1" [stack: 0x000000c04b500000,0x000000c04b600000] [id=8540]
  0x0000024fa5c85290 ConcurrentGCThread "G1 Main Marker" [stack: 0x000000c04a200000,0x000000c04a300000] [id=11604]
  0x0000024fa5c85ca0 ConcurrentGCThread "G1 Conc#0" [stack: 0x000000c04a300000,0x000000c04a400000] [id=8004]
  0x0000024fa5ce7350 ConcurrentGCThread "G1 Refine#0" [stack: 0x000000c04a400000,0x000000c04a500000] [id=10380]
  0x0000024fa5ce8660 ConcurrentGCThread "G1 Service" [stack: 0x000000c04a500000,0x000000c04a600000] [id=7136]

Threads with active compile tasks:

VM state: not at safepoint (normal execution)

VM Mutex/Monitor currently owned by a thread:  ([mutex/lock_event])
[0x0000024fa5c20760] Metaspace_lock - owner thread: 0x0000024fa5c253b0

Heap address: 0x0000000091c00000, size: 1764 MB, Compressed Oops mode: 32-bit

CDS archive(s) mapped at: [0x0000024fc3000000-0x0000024fc3bd0000-0x0000024fc3bd0000), size 12386304, SharedBaseAddress: 0x0000024fc3000000, ArchiveRelocationMode: 1.
Compressed class space mapped at: 0x0000024fc4000000-0x0000025004000000, reserved size: 1073741824
Narrow klass base: 0x0000024fc3000000, Narrow klass shift: 0, Narrow klass range: 0x100000000

GC Precious Log:
 CPUs: 2 total, 2 available
 Memory: 7055M
 Large Page Support: Disabled
 NUMA Support: Disabled
 Compressed Oops: Enabled (32-bit)
 Heap Region Size: 1M
 Heap Min Capacity: 8M
 Heap Initial Capacity: 112M
 Heap Max Capacity: 1764M
 Pre-touch: Disabled
 Parallel Workers: 2
 Concurrent Workers: 1
 Concurrent Refinement Workers: 2
 Periodic GC: Disabled

Heap:
 garbage-first heap   total 114688K, used 3885K [0x0000000091c00000, 0x0000000100000000)
  region size 1024K, 3 young (3072K), 1 survivors (1024K)
 Metaspace       used 3651K, committed 3776K, reserved 1114112K
  class space    used 361K, committed 448K, reserved 1048576K

Heap Regions: E=young(eden), S=young(survivor), O=old, HS=humongous(starts), HC=humongous(continues), CS=collection set, F=free, OA=open archive, CA=closed archive, TAMS=top-at-mark-start (previous, next)
|   0|0x0000000091c00000, 0x0000000091d00000, 0x0000000091d00000|100%| O|  |TAMS 0x0000000091c00000, 0x0000000091c00000| Untracked 
|   1|0x0000000091d00000, 0x0000000091dcb400, 0x0000000091e00000| 79%| O|  |TAMS 0x0000000091d00000, 0x0000000091d00000| Untracked 
|   2|0x0000000091e00000, 0x0000000091e00000, 0x0000000091f00000|  0%| F|  |TAMS 0x0000000091e00000, 0x0000000091e00000| Untracked 
|   3|0x0000000091f00000, 0x0000000091f00000, 0x0000000092000000|  0%| F|  |TAMS 0x0000000091f00000, 0x0000000091f00000| Untracked 
|   4|0x0000000092000000, 0x0000000092000000, 0x0000000092100000|  0%| F|  |TAMS 0x0000000092000000, 0x0000000092000000| Untracked 
|   5|0x0000000092100000, 0x0000000092100000, 0x0000000092200000|  0%| F|  |TAMS 0x0000000092100000, 0x0000000092100000| Untracked 
|   6|0x0000000092200000, 0x0000000092200000, 0x0000000092300000|  0%| F|  |TAMS 0x0000000092200000, 0x0000000092200000| Untracked 
|   7|0x0000000092300000, 0x0000000092300000, 0x0000000092400000|  0%| F|  |TAMS 0x0000000092300000, 0x0000000092300000| Untracked 
|   8|0x0000000092400000, 0x0000000092400000, 0x0000000092500000|  0%| F|  |TAMS 0x0000000092400000, 0x0000000092400000| Untracked 
|   9|0x0000000092500000, 0x0000000092500000, 0x0000000092600000|  0%| F|  |TAMS 0x0000000092500000, 0x0000000092500000| Untracked 
|  10|0x0000000092600000, 0x0000000092600000, 0x0000000092700000|  0%| F|  |TAMS 0x0000000092600000, 0x0000000092600000| Untracked 
|  11|0x0000000092700000, 0x0000000092700000, 0x0000000092800000|  0%| F|  |TAMS 0x0000000092700000, 0x0000000092700000| Untracked 
|  12|0x0000000092800000, 0x0000000092800000, 0x0000000092900000|  0%| F|  |TAMS 0x0000000092800000, 0x0000000092800000| Untracked 
|  13|0x0000000092900000, 0x0000000092900000, 0x0000000092a00000|  0%| F|  |TAMS 0x0000000092900000, 0x0000000092900000| Untracked 
|  14|0x0000000092a00000, 0x0000000092a00000, 0x0000000092b00000|  0%| F|  |TAMS 0x0000000092a00000, 0x0000000092a00000| Untracked 
|  15|0x0000000092b00000, 0x0000000092b00000, 0x0000000092c00000|  0%| F|  |TAMS 0x0000000092b00000, 0x0000000092b00000| Untracked 
|  16|0x0000000092c00000, 0x0000000092c00000, 0x0000000092d00000|  0%| F|  |TAMS 0x0000000092c00000, 0x0000000092c00000| Untracked 
|  17|0x0000000092d00000, 0x0000000092d00000, 0x0000000092e00000|  0%| F|  |TAMS 0x0000000092d00000, 0x0000000092d00000| Untracked 
|  18|0x0000000092e00000, 0x0000000092e00000, 0x0000000092f00000|  0%| F|  |TAMS 0x0000000092e00000, 0x0000000092e00000| Untracked 
|  19|0x0000000092f00000, 0x0000000092f00000, 0x0000000093000000|  0%| F|  |TAMS 0x0000000092f00000, 0x0000000092f00000| Untracked 
|  20|0x0000000093000000, 0x0000000093000000, 0x0000000093100000|  0%| F|  |TAMS 0x0000000093000000, 0x0000000093000000| Untracked 
|  21|0x0000000093100000, 0x0000000093100000, 0x0000000093200000|  0%| F|  |TAMS 0x0000000093100000, 0x0000000093100000| Untracked 
|  22|0x0000000093200000, 0x0000000093200000, 0x0000000093300000|  0%| F|  |TAMS 0x0000000093200000, 0x0000000093200000| Untracked 
|  23|0x0000000093300000, 0x0000000093300000, 0x0000000093400000|  0%| F|  |TAMS 0x0000000093300000, 0x0000000093300000| Untracked 
|  24|0x0000000093400000, 0x0000000093400000, 0x0000000093500000|  0%| F|  |TAMS 0x0000000093400000, 0x0000000093400000| Untracked 
|  25|0x0000000093500000, 0x0000000093500000, 0x0000000093600000|  0%| F|  |TAMS 0x0000000093500000, 0x0000000093500000| Untracked 
|  26|0x0000000093600000, 0x0000000093600000, 0x0000000093700000|  0%| F|  |TAMS 0x0000000093600000, 0x0000000093600000| Untracked 
|  27|0x0000000093700000, 0x0000000093700000, 0x0000000093800000|  0%| F|  |TAMS 0x0000000093700000, 0x0000000093700000| Untracked 
|  28|0x0000000093800000, 0x0000000093800000, 0x0000000093900000|  0%| F|  |TAMS 0x0000000093800000, 0x0000000093800000| Untracked 
|  29|0x0000000093900000, 0x0000000093900000, 0x0000000093a00000|  0%| F|  |TAMS 0x0000000093900000, 0x0000000093900000| Untracked 
|  30|0x0000000093a00000, 0x0000000093a00000, 0x0000000093b00000|  0%| F|  |TAMS 0x0000000093a00000, 0x0000000093a00000| Untracked 
|  31|0x0000000093b00000, 0x0000000093b00000, 0x0000000093c00000|  0%| F|  |TAMS 0x0000000093b00000, 0x0000000093b00000| Untracked 
|  32|0x0000000093c00000, 0x0000000093c00000, 0x0000000093d00000|  0%| F|  |TAMS 0x0000000093c00000, 0x0000000093c00000| Untracked 
|  33|0x0000000093d00000, 0x0000000093d00000, 0x0000000093e00000|  0%| F|  |TAMS 0x0000000093d00000, 0x0000000093d00000| Untracked 
|  34|0x0000000093e00000, 0x0000000093e00000, 0x0000000093f00000|  0%| F|  |TAMS 0x0000000093e00000, 0x0000000093e00000| Untracked 
|  35|0x0000000093f00000, 0x0000000093f00000, 0x0000000094000000|  0%| F|  |TAMS 0x0000000093f00000, 0x0000000093f00000| Untracked 
|  36|0x0000000094000000, 0x0000000094000000, 0x0000000094100000|  0%| F|  |TAMS 0x0000000094000000, 0x0000000094000000| Untracked 
|  37|0x0000000094100000, 0x0000000094100000, 0x0000000094200000|  0%| F|  |TAMS 0x0000000094100000, 0x0000000094100000| Untracked 
|  38|0x0000000094200000, 0x0000000094200000, 0x0000000094300000|  0%| F|  |TAMS 0x0000000094200000, 0x0000000094200000| Untracked 
|  39|0x0000000094300000, 0x0000000094300000, 0x0000000094400000|  0%| F|  |TAMS 0x0000000094300000, 0x0000000094300000| Untracked 
|  40|0x0000000094400000, 0x0000000094400000, 0x0000000094500000|  0%| F|  |TAMS 0x0000000094400000, 0x0000000094400000| Untracked 
|  41|0x0000000094500000, 0x0000000094500000, 0x0000000094600000|  0%| F|  |TAMS 0x0000000094500000, 0x0000000094500000| Untracked 
|  42|0x0000000094600000, 0x0000000094600000, 0x0000000094700000|  0%| F|  |TAMS 0x0000000094600000, 0x0000000094600000| Untracked 
|  43|0x0000000094700000, 0x0000000094700000, 0x0000000094800000|  0%| F|  |TAMS 0x0000000094700000, 0x0000000094700000| Untracked 
|  44|0x0000000094800000, 0x0000000094800000, 0x0000000094900000|  0%| F|  |TAMS 0x0000000094800000, 0x0000000094800000| Untracked 
|  45|0x0000000094900000, 0x0000000094900000, 0x0000000094a00000|  0%| F|  |TAMS 0x0000000094900000, 0x0000000094900000| Untracked 
|  46|0x0000000094a00000, 0x0000000094a00000, 0x0000000094b00000|  0%| F|  |TAMS 0x0000000094a00000, 0x0000000094a00000| Untracked 
|  47|0x0000000094b00000, 0x0000000094b00000, 0x0000000094c00000|  0%| F|  |TAMS 0x0000000094b00000, 0x0000000094b00000| Untracked 
|  48|0x0000000094c00000, 0x0000000094c00000, 0x0000000094d00000|  0%| F|  |TAMS 0x0000000094c00000, 0x0000000094c00000| Untracked 
|  49|0x0000000094d00000, 0x0000000094d00000, 0x0000000094e00000|  0%| F|  |TAMS 0x0000000094d00000, 0x0000000094d00000| Untracked 
|  50|0x0000000094e00000, 0x0000000094e00000, 0x0000000094f00000|  0%| F|  |TAMS 0x0000000094e00000, 0x0000000094e00000| Untracked 
|  51|0x0000000094f00000, 0x0000000094f00000, 0x0000000095000000|  0%| F|  |TAMS 0x0000000094f00000, 0x0000000094f00000| Untracked 
|  52|0x0000000095000000, 0x0000000095000000, 0x0000000095100000|  0%| F|  |TAMS 0x0000000095000000, 0x0000000095000000| Untracked 
|  53|0x0000000095100000, 0x0000000095100000, 0x0000000095200000|  0%| F|  |TAMS 0x0000000095100000, 0x0000000095100000| Untracked 
|  54|0x0000000095200000, 0x0000000095200000, 0x0000000095300000|  0%| F|  |TAMS 0x0000000095200000, 0x0000000095200000| Untracked 
|  55|0x0000000095300000, 0x0000000095300000, 0x0000000095400000|  0%| F|  |TAMS 0x0000000095300000, 0x0000000095300000| Untracked 
|  56|0x0000000095400000, 0x0000000095400000, 0x0000000095500000|  0%| F|  |TAMS 0x0000000095400000, 0x0000000095400000| Untracked 
|  57|0x0000000095500000, 0x0000000095500000, 0x0000000095600000|  0%| F|  |TAMS 0x0000000095500000, 0x0000000095500000| Untracked 
|  58|0x0000000095600000, 0x0000000095600000, 0x0000000095700000|  0%| F|  |TAMS 0x0000000095600000, 0x0000000095600000| Untracked 
|  59|0x0000000095700000, 0x0000000095700000, 0x0000000095800000|  0%| F|  |TAMS 0x0000000095700000, 0x0000000095700000| Untracked 
|  60|0x0000000095800000, 0x0000000095800000, 0x0000000095900000|  0%| F|  |TAMS 0x0000000095800000, 0x0000000095800000| Untracked 
|  61|0x0000000095900000, 0x0000000095900000, 0x0000000095a00000|  0%| F|  |TAMS 0x0000000095900000, 0x0000000095900000| Untracked 
|  62|0x0000000095a00000, 0x0000000095a00000, 0x0000000095b00000|  0%| F|  |TAMS 0x0000000095a00000, 0x0000000095a00000| Untracked 
|  63|0x0000000095b00000, 0x0000000095b00000, 0x0000000095c00000|  0%| F|  |TAMS 0x0000000095b00000, 0x0000000095b00000| Untracked 
|  64|0x0000000095c00000, 0x0000000095c00000, 0x0000000095d00000|  0%| F|  |TAMS 0x0000000095c00000, 0x0000000095c00000| Untracked 
|  65|0x0000000095d00000, 0x0000000095d00000, 0x0000000095e00000|  0%| F|  |TAMS 0x0000000095d00000, 0x0000000095d00000| Untracked 
|  66|0x0000000095e00000, 0x0000000095e00000, 0x0000000095f00000|  0%| F|  |TAMS 0x0000000095e00000, 0x0000000095e00000| Untracked 
|  67|0x0000000095f00000, 0x0000000095f00000, 0x0000000096000000|  0%| F|  |TAMS 0x0000000095f00000, 0x0000000095f00000| Untracked 
|  68|0x0000000096000000, 0x0000000096000000, 0x0000000096100000|  0%| F|  |TAMS 0x0000000096000000, 0x0000000096000000| Untracked 
|  69|0x0000000096100000, 0x0000000096100000, 0x0000000096200000|  0%| F|  |TAMS 0x0000000096100000, 0x0000000096100000| Untracked 
|  70|0x0000000096200000, 0x0000000096200000, 0x0000000096300000|  0%| F|  |TAMS 0x0000000096200000, 0x0000000096200000| Untracked 
|  71|0x0000000096300000, 0x0000000096300000, 0x0000000096400000|  0%| F|  |TAMS 0x0000000096300000, 0x0000000096300000| Untracked 
|  72|0x0000000096400000, 0x0000000096400000, 0x0000000096500000|  0%| F|  |TAMS 0x0000000096400000, 0x0000000096400000| Untracked 
|  73|0x0000000096500000, 0x0000000096500000, 0x0000000096600000|  0%| F|  |TAMS 0x0000000096500000, 0x0000000096500000| Untracked 
|  74|0x0000000096600000, 0x0000000096600000, 0x0000000096700000|  0%| F|  |TAMS 0x0000000096600000, 0x0000000096600000| Untracked 
|  75|0x0000000096700000, 0x0000000096700000, 0x0000000096800000|  0%| F|  |TAMS 0x0000000096700000, 0x0000000096700000| Untracked 
|  76|0x0000000096800000, 0x0000000096800000, 0x0000000096900000|  0%| F|  |TAMS 0x0000000096800000, 0x0000000096800000| Untracked 
|  77|0x0000000096900000, 0x0000000096900000, 0x0000000096a00000|  0%| F|  |TAMS 0x0000000096900000, 0x0000000096900000| Untracked 
|  78|0x0000000096a00000, 0x0000000096a00000, 0x0000000096b00000|  0%| F|  |TAMS 0x0000000096a00000, 0x0000000096a00000| Untracked 
|  79|0x0000000096b00000, 0x0000000096b00000, 0x0000000096c00000|  0%| F|  |TAMS 0x0000000096b00000, 0x0000000096b00000| Untracked 
|  80|0x0000000096c00000, 0x0000000096c00000, 0x0000000096d00000|  0%| F|  |TAMS 0x0000000096c00000, 0x0000000096c00000| Untracked 
|  81|0x0000000096d00000, 0x0000000096d00000, 0x0000000096e00000|  0%| F|  |TAMS 0x0000000096d00000, 0x0000000096d00000| Untracked 
|  82|0x0000000096e00000, 0x0000000096e00000, 0x0000000096f00000|  0%| F|  |TAMS 0x0000000096e00000, 0x0000000096e00000| Untracked 
|  83|0x0000000096f00000, 0x0000000096f00000, 0x0000000097000000|  0%| F|  |TAMS 0x0000000096f00000, 0x0000000096f00000| Untracked 
|  84|0x0000000097000000, 0x0000000097000000, 0x0000000097100000|  0%| F|  |TAMS 0x0000000097000000, 0x0000000097000000| Untracked 
|  85|0x0000000097100000, 0x0000000097100000, 0x0000000097200000|  0%| F|  |TAMS 0x0000000097100000, 0x0000000097100000| Untracked 
|  86|0x0000000097200000, 0x0000000097200000, 0x0000000097300000|  0%| F|  |TAMS 0x0000000097200000, 0x0000000097200000| Untracked 
|  87|0x0000000097300000, 0x0000000097300000, 0x0000000097400000|  0%| F|  |TAMS 0x0000000097300000, 0x0000000097300000| Untracked 
|  88|0x0000000097400000, 0x0000000097400000, 0x0000000097500000|  0%| F|  |TAMS 0x0000000097400000, 0x0000000097400000| Untracked 
|  89|0x0000000097500000, 0x0000000097500000, 0x0000000097600000|  0%| F|  |TAMS 0x0000000097500000, 0x0000000097500000| Untracked 
|  90|0x0000000097600000, 0x0000000097600000, 0x0000000097700000|  0%| F|  |TAMS 0x0000000097600000, 0x0000000097600000| Untracked 
|  91|0x0000000097700000, 0x0000000097700000, 0x0000000097800000|  0%| F|  |TAMS 0x0000000097700000, 0x0000000097700000| Untracked 
|  92|0x0000000097800000, 0x0000000097800000, 0x0000000097900000|  0%| F|  |TAMS 0x0000000097800000, 0x0000000097800000| Untracked 
|  93|0x0000000097900000, 0x0000000097900000, 0x0000000097a00000|  0%| F|  |TAMS 0x0000000097900000, 0x0000000097900000| Untracked 
|  94|0x0000000097a00000, 0x0000000097a00000, 0x0000000097b00000|  0%| F|  |TAMS 0x0000000097a00000, 0x0000000097a00000| Untracked 
|  95|0x0000000097b00000, 0x0000000097b00000, 0x0000000097c00000|  0%| F|  |TAMS 0x0000000097b00000, 0x0000000097b00000| Untracked 
|  96|0x0000000097c00000, 0x0000000097c00000, 0x0000000097d00000|  0%| F|  |TAMS 0x0000000097c00000, 0x0000000097c00000| Untracked 
|  97|0x0000000097d00000, 0x0000000097d00000, 0x0000000097e00000|  0%| F|  |TAMS 0x0000000097d00000, 0x0000000097d00000| Untracked 
|  98|0x0000000097e00000, 0x0000000097e00000, 0x0000000097f00000|  0%| F|  |TAMS 0x0000000097e00000, 0x0000000097e00000| Untracked 
|  99|0x0000000097f00000, 0x0000000097f00000, 0x0000000098000000|  0%| F|  |TAMS 0x0000000097f00000, 0x0000000097f00000| Untracked 
| 100|0x0000000098000000, 0x0000000098000000, 0x0000000098100000|  0%| F|  |TAMS 0x0000000098000000, 0x0000000098000000| Untracked 
| 101|0x0000000098100000, 0x0000000098100000, 0x0000000098200000|  0%| F|  |TAMS 0x0000000098100000, 0x0000000098100000| Untracked 
| 102|0x0000000098200000, 0x0000000098200000, 0x0000000098300000|  0%| F|  |TAMS 0x0000000098200000, 0x0000000098200000| Untracked 
| 103|0x0000000098300000, 0x0000000098300000, 0x0000000098400000|  0%| F|  |TAMS 0x0000000098300000, 0x0000000098300000| Untracked 
| 104|0x0000000098400000, 0x0000000098400000, 0x0000000098500000|  0%| F|  |TAMS 0x0000000098400000, 0x0000000098400000| Untracked 
| 105|0x0000000098500000, 0x0000000098500000, 0x0000000098600000|  0%| F|  |TAMS 0x0000000098500000, 0x0000000098500000| Untracked 
| 106|0x0000000098600000, 0x0000000098600000, 0x0000000098700000|  0%| F|  |TAMS 0x0000000098600000, 0x0000000098600000| Untracked 
| 107|0x0000000098700000, 0x0000000098800000, 0x0000000098800000|100%| S|CS|TAMS 0x0000000098700000, 0x0000000098700000| Complete 
| 108|0x0000000098800000, 0x0000000098800000, 0x0000000098900000|  0%| F|  |TAMS 0x0000000098800000, 0x0000000098800000| Untracked 
| 109|0x0000000098900000, 0x0000000098900000, 0x0000000098a00000|  0%| F|  |TAMS 0x0000000098900000, 0x0000000098900000| Untracked 
| 110|0x0000000098a00000, 0x0000000098ab5030, 0x0000000098b00000| 70%| E|  |TAMS 0x0000000098a00000, 0x0000000098a00000| Complete 
| 111|0x0000000098b00000, 0x0000000098c00000, 0x0000000098c00000|100%| E|CS|TAMS 0x0000000098b00000, 0x0000000098b00000| Complete 

Card table byte_map: [0x0000024fbc4f0000,0x0000024fbc870000] _byte_map_base: 0x0000024fbc062000

Marking Bits (Prev, Next): (CMBitMap*) 0x0000024fa5c76ce0, (CMBitMap*) 0x0000024fa5c76d20
 Prev Bits: [0x0000024fbcbf0000, 0x0000024fbe780000)
 Next Bits: [0x0000024fbe780000, 0x0000024fc0310000)

Polling page: 0x0000024fa3ac0000

Metaspace:

Usage:
  Non-class:      3.21 MB used.
      Class:    361.77 KB used.
       Both:      3.57 MB used.

Virtual space:
  Non-class space:       64.00 MB reserved,       3.25 MB (  5%) committed,  1 nodes.
      Class space:        1.00 GB reserved,     448.00 KB ( <1%) committed,  1 nodes.
             Both:        1.06 GB reserved,       3.69 MB ( <1%) committed. 

Chunk freelists:
   Non-Class:  10.42 MB
       Class:  15.53 MB
        Both:  25.95 MB

MaxMetaspaceSize: unlimited
CompressedClassSpaceSize: 1.00 GB
Initial GC threshold: 21.00 MB
Current GC threshold: 21.00 MB
CDS: on
MetaspaceReclaimPolicy: balanced
 - commit_granule_bytes: 65536.
 - commit_granule_words: 8192.
 - virtual_space_node_default_size: 8388608.
 - enlarge_chunks_in_place: 1.
 - new_chunks_are_fully_committed: 0.
 - uncommit_free_chunks: 1.
 - use_allocation_guard: 0.
 - handle_deallocations: 1.


Internal statistics:

num_allocs_failed_limit: 0.
num_arena_births: 20.
num_arena_deaths: 0.
num_vsnodes_births: 2.
num_vsnodes_deaths: 0.
num_space_committed: 59.
num_space_uncommitted: 0.
num_chunks_returned_to_freelist: 0.
num_chunks_taken_from_freelist: 106.
num_chunk_merges: 0.
num_chunk_splits: 72.
num_chunks_enlarged: 59.
num_inconsistent_stats: 0.

CodeHeap 'non-profiled nmethods': size=120064Kb used=251Kb max_used=251Kb free=119812Kb
 bounds [0x0000024fb4fb0000, 0x0000024fb5220000, 0x0000024fbc4f0000]
CodeHeap 'profiled nmethods': size=120000Kb used=1608Kb max_used=1608Kb free=118391Kb
 bounds [0x0000024fad4f0000, 0x0000024fad760000, 0x0000024fb4a20000]
CodeHeap 'non-nmethods': size=5696Kb used=1150Kb max_used=1161Kb free=4545Kb
 bounds [0x0000024fb4a20000, 0x0000024fb4c90000, 0x0000024fb4fb0000]
 total_blobs=1250 nmethods=812 adapters=352
 compilation: enabled
              stopped_count=0, restarted_count=0
 full_count=0

Compilation events (20 events):
Event: 69.667 Thread 0x0000024fc2683be0  802       3       java.security.AccessController::checkContext (49 bytes)
Event: 69.668 Thread 0x0000024fc2683be0 nmethod 802 0x0000024fad678810 code [0x0000024fad678a20, 0x0000024fad679078]
Event: 73.926 Thread 0x0000024fc2683be0  803       3       org.codehaus.plexus.classworlds.strategy.SelfFirstStrategy::loadClass (50 bytes)
Event: 73.927 Thread 0x0000024fc2683be0 nmethod 803 0x0000024fad679290 code [0x0000024fad6794c0, 0x0000024fad679bd8]
Event: 73.928 Thread 0x0000024fc2683be0  804       3       sun.net.www.protocol.jar.Handler::parseURL (173 bytes)
Event: 73.930 Thread 0x0000024fc2683be0 nmethod 804 0x0000024fad679e90 code [0x0000024fad67a140, 0x0000024fad67acf8]
Event: 73.930 Thread 0x0000024fc2683be0  805       3       sun.net.www.protocol.jar.Handler::parseContextSpec (150 bytes)
Event: 73.933 Thread 0x0000024fc2683be0 nmethod 805 0x0000024fad67b210 code [0x0000024fad67b6a0, 0x0000024fad67d378]
Event: 73.933 Thread 0x0000024fc2683be0  806       3       sun.net.www.protocol.jar.Handler::indexOfBangSlash (52 bytes)
Event: 73.934 Thread 0x0000024fc2683be0 nmethod 806 0x0000024fad67dd90 code [0x0000024fad67e000, 0x0000024fad67eb58]
Event: 85.316 Thread 0x0000024fc2683be0  808       3       java.lang.Package::isSealed (26 bytes)
Event: 85.316 Thread 0x0000024fc2683be0 nmethod 808 0x0000024fad67ef10 code [0x0000024fad67f0c0, 0x0000024fad67f3d8]
Event: 85.548 Thread 0x0000024fc2683be0  809       3       java.lang.ClassLoader::compareCerts (197 bytes)
Event: 85.549 Thread 0x0000024fc2683be0 nmethod 809 0x0000024fad67f510 code [0x0000024fad67f720, 0x0000024fad67ffd8]
Event: 85.851 Thread 0x0000024fc2683be0  810   !   3       java.nio.DirectLongBufferU::get (36 bytes)
Event: 85.852 Thread 0x0000024fc2683be0 nmethod 810 0x0000024fad680290 code [0x0000024fad6804c0, 0x0000024fad680d78]
Event: 85.852 Thread 0x0000024fc2683be0  811   !   3       jdk.internal.misc.ScopedMemoryAccess::getLong (20 bytes)
Event: 85.853 Thread 0x0000024fc2683be0 nmethod 811 0x0000024fad681290 code [0x0000024fad681480, 0x0000024fad6819b8]
Event: 85.853 Thread 0x0000024fc2683be0  812   !   3       jdk.internal.misc.ScopedMemoryAccess::getLongInternal (36 bytes)
Event: 85.853 Thread 0x0000024fc2683be0 nmethod 812 0x0000024fad681c10 code [0x0000024fad681dc0, 0x0000024fad6820c8]

GC Heap History (4 events):
Event: 46.660 GC heap before
{Heap before GC invocations=0 (full 0):
 garbage-first heap   total 114688K, used 6144K [0x0000000091c00000, 0x0000000100000000)
  region size 1024K, 6 young (6144K), 0 survivors (0K)
 Metaspace       used 2190K, committed 2368K, reserved 1114112K
  class space    used 198K, committed 320K, reserved 1048576K
}
Event: 47.570 GC heap after
{Heap after GC invocations=1 (full 0):
 garbage-first heap   total 114688K, used 1711K [0x0000000091c00000, 0x0000000100000000)
  region size 1024K, 1 young (1024K), 1 survivors (1024K)
 Metaspace       used 2190K, committed 2368K, reserved 1114112K
  class space    used 198K, committed 320K, reserved 1048576K
}
Event: 51.643 GC heap before
{Heap before GC invocations=1 (full 0):
 garbage-first heap   total 114688K, used 5807K [0x0000000091c00000, 0x0000000100000000)
  region size 1024K, 5 young (5120K), 1 survivors (1024K)
 Metaspace       used 3115K, committed 3264K, reserved 1114112K
  class space    used 306K, committed 384K, reserved 1048576K
}
Event: 51.648 GC heap after
{Heap after GC invocations=2 (full 0):
 garbage-first heap   total 114688K, used 2861K [0x0000000091c00000, 0x0000000100000000)
  region size 1024K, 1 young (1024K), 1 survivors (1024K)
 Metaspace       used 3115K, committed 3264K, reserved 1114112K
  class space    used 306K, committed 384K, reserved 1048576K
}

Deoptimization events (20 events):
Event: 48.567 Thread 0x0000024fa5c253b0 DEOPT PACKING pc=0x0000024fad527856 sp=0x000000c04a0fd9a0
Event: 48.567 Thread 0x0000024fa5c253b0 DEOPT UNPACKING pc=0x0000024fb4a72b43 sp=0x000000c04a0fce40 mode 0
Event: 48.577 Thread 0x0000024fa5c253b0 DEOPT PACKING pc=0x0000024fad5263fe sp=0x000000c04a0fdfb0
Event: 48.577 Thread 0x0000024fa5c253b0 DEOPT UNPACKING pc=0x0000024fb4a72b43 sp=0x000000c04a0fd420 mode 0
Event: 48.586 Thread 0x0000024fa5c253b0 Uncommon trap: trap_request=0xffffff45 fr.pc=0x0000024fb4fd9d2c relative=0x00000000000000ac
Event: 48.586 Thread 0x0000024fa5c253b0 Uncommon trap: reason=unstable_if action=reinterpret pc=0x0000024fb4fd9d2c method=org.codehaus.plexus.util.xml.pull.MXParser.more()C @ 8 c2
Event: 48.586 Thread 0x0000024fa5c253b0 DEOPT PACKING pc=0x0000024fb4fd9d2c sp=0x000000c04a0fe080
Event: 48.586 Thread 0x0000024fa5c253b0 DEOPT UNPACKING pc=0x0000024fb4a723a3 sp=0x000000c04a0fe010 mode 2
Event: 51.410 Thread 0x0000024fa5c253b0 Uncommon trap: trap_request=0xffffff45 fr.pc=0x0000024fb4fb8d90 relative=0x00000000000003f0
Event: 51.410 Thread 0x0000024fa5c253b0 Uncommon trap: reason=unstable_if action=reinterpret pc=0x0000024fb4fb8d90 method=java.lang.StringLatin1.canEncode(I)Z @ 4 c2
Event: 51.410 Thread 0x0000024fa5c253b0 DEOPT PACKING pc=0x0000024fb4fb8d90 sp=0x000000c04a0fd9e0
Event: 51.411 Thread 0x0000024fa5c253b0 DEOPT UNPACKING pc=0x0000024fb4a723a3 sp=0x000000c04a0fd8f8 mode 2
Event: 51.411 Thread 0x0000024fa5c253b0 Uncommon trap: trap_request=0xffffff45 fr.pc=0x0000024fb4fb977c relative=0x00000000000003dc
Event: 51.411 Thread 0x0000024fa5c253b0 Uncommon trap: reason=unstable_if action=reinterpret pc=0x0000024fb4fb977c method=java.lang.AbstractStringBuilder.isLatin1()Z @ 10 c2
Event: 51.411 Thread 0x0000024fa5c253b0 DEOPT PACKING pc=0x0000024fb4fb977c sp=0x000000c04a0fd9e0
Event: 51.411 Thread 0x0000024fa5c253b0 DEOPT UNPACKING pc=0x0000024fb4a723a3 sp=0x000000c04a0fd960 mode 2
Event: 51.419 Thread 0x0000024fa5c253b0 Uncommon trap: trap_request=0xffffff45 fr.pc=0x0000024fb4fb5db8 relative=0x0000000000000038
Event: 51.419 Thread 0x0000024fa5c253b0 Uncommon trap: reason=unstable_if action=reinterpret pc=0x0000024fb4fb5db8 method=java.lang.StringLatin1.canEncode(I)Z @ 4 c2
Event: 51.419 Thread 0x0000024fa5c253b0 DEOPT PACKING pc=0x0000024fb4fb5db8 sp=0x000000c04a0fd960
Event: 51.419 Thread 0x0000024fa5c253b0 DEOPT UNPACKING pc=0x0000024fb4a723a3 sp=0x000000c04a0fd8f0 mode 2

Classes unloaded (0 events):
No events

Classes redefined (0 events):
No events

Internal exceptions (2 events):
Event: 7.716 Thread 0x0000024fa5c253b0 Exception <a 'java/lang/NoSuchMethodError'{0x0000000098898e18}: 'java.lang.Object java.lang.invoke.DirectMethodHandle$Holder.invokeStaticInit(java.lang.Object, int, int, int, int)'> (0x0000000098898e18) 
thrown [s\open\src\hotspot\share\interpreter\linkResolver.cpp, line 759]
Event: 9.817 Thread 0x0000024fa5c253b0 Exception <a 'java/lang/NoSuchMethodError'{0x00000000987684d8}: 'java.lang.Object java.lang.invoke.DirectMethodHandle$Holder.invokeStaticInit(java.lang.Object, java.lang.Object, int, int, int, int)'> (0x00000000987684d8) 
thrown [s\open\src\hotspot\share\interpreter\linkResolver.cpp, line 759]

VM Operations (20 events):
Event: 50.641 Executing VM operation: Cleanup
Event: 50.718 Executing VM operation: Cleanup done
Event: 51.643 Executing VM operation: G1CollectForAllocation
Event: 51.648 Executing VM operation: G1CollectForAllocation done
Event: 52.655 Executing VM operation: Cleanup
Event: 52.655 Executing VM operation: Cleanup done
Event: 54.681 Executing VM operation: Cleanup
Event: 54.681 Executing VM operation: Cleanup done
Event: 55.688 Executing VM operation: Cleanup
Event: 55.689 Executing VM operation: Cleanup done
Event: 58.716 Executing VM operation: Cleanup
Event: 58.716 Executing VM operation: Cleanup done
Event: 60.538 Executing VM operation: HandshakeAllThreads
Event: 60.539 Executing VM operation: HandshakeAllThreads done
Event: 66.606 Executing VM operation: Cleanup
Event: 66.606 Executing VM operation: Cleanup done
Event: 68.626 Executing VM operation: Cleanup
Event: 68.626 Executing VM operation: Cleanup done
Event: 74.685 Executing VM operation: Cleanup
Event: 74.685 Executing VM operation: Cleanup done

Events (20 events):
Event: 49.242 loading class java/util/concurrent/atomic/AtomicReference
Event: 49.263 loading class java/util/concurrent/atomic/AtomicReference done
Event: 49.348 loading class java/text/ParseException
Event: 49.475 loading class java/text/ParseException done
Event: 50.046 loading class sun/util/calendar/ZoneInfoFile$Checksum
Event: 50.339 loading class sun/util/calendar/ZoneInfoFile$Checksum done
Event: 50.344 loading class jdk/internal/module/ModulePatcher$PatchedModuleReader
Event: 50.481 loading class jdk/internal/module/ModulePatcher$PatchedModuleReader done
Event: 50.719 loading class sun/net/www/protocol/jrt/Handler
Event: 51.082 loading class sun/net/www/protocol/jrt/Handler done
Event: 51.241 loading class sun/text/resources/cldr/FormatData_en
Event: 51.409 loading class sun/text/resources/cldr/FormatData_en done
Event: 51.409 loading class sun/text/resources/cldr/FormatData_en_US
Event: 51.409 loading class sun/text/resources/cldr/FormatData_en_US done
Event: 51.552 loading class java/io/FilterReader
Event: 51.636 loading class java/io/FilterReader done
Event: 51.653 loading class java/lang/AssertionError
Event: 51.654 loading class java/lang/AssertionError done
Event: 70.483 loading class java/util/NoSuchElementException
Event: 70.528 loading class java/util/NoSuchElementException done


Dynamic libraries:
0x00007ff6a8200000 - 0x00007ff6a8210000 	C:\projects\thirdPartyComponents\jdk-17.0.12\bin\javaw.exe
0x00007ffe04750000 - 0x00007ffe04948000 	C:\WINDOWS\SYSTEM32\ntdll.dll
0x00007ffe037c0000 - 0x00007ffe03882000 	C:\WINDOWS\System32\KERNEL32.DLL
0x00007ffe01ef0000 - 0x00007ffe021e6000 	C:\WINDOWS\System32\KERNELBASE.dll
0x00007ffe02470000 - 0x00007ffe02570000 	C:\WINDOWS\System32\ucrtbase.dll
0x00007ffdf96b0000 - 0x00007ffdf96c9000 	C:\projects\thirdPartyComponents\jdk-17.0.12\bin\jli.dll
0x00007ffdf96d0000 - 0x00007ffdf96eb000 	C:\projects\thirdPartyComponents\jdk-17.0.12\bin\VCRUNTIME140.dll
0x00007ffe04580000 - 0x00007ffe0462f000 	C:\WINDOWS\System32\ADVAPI32.dll
0x00007ffe03630000 - 0x00007ffe036ce000 	C:\WINDOWS\System32\msvcrt.dll
0x00007ffe036d0000 - 0x00007ffe0376f000 	C:\WINDOWS\System32\sechost.dll
0x00007ffe04430000 - 0x00007ffe04553000 	C:\WINDOWS\System32\RPCRT4.dll
0x00007ffe025a0000 - 0x00007ffe025c7000 	C:\WINDOWS\System32\bcrypt.dll
0x00007ffe03c70000 - 0x00007ffe03e0d000 	C:\WINDOWS\System32\USER32.dll
0x00007ffe02570000 - 0x00007ffe02592000 	C:\WINDOWS\System32\win32u.dll
0x00007ffdf56c0000 - 0x00007ffdf595a000 	C:\WINDOWS\WinSxS\amd64_microsoft.windows.common-controls_6595b64144ccf1df_6.0.19041.4355_none_60b8b9eb71f62e16\COMCTL32.dll
0x00007ffe027d0000 - 0x00007ffe027fb000 	C:\WINDOWS\System32\GDI32.dll
0x00007ffe02350000 - 0x00007ffe0246a000 	C:\WINDOWS\System32\gdi32full.dll
0x00007ffe025d0000 - 0x00007ffe0266d000 	C:\WINDOWS\System32\msvcp_win.dll
0x00007ffdfcfb0000 - 0x00007ffdfcfba000 	C:\WINDOWS\SYSTEM32\VERSION.dll
0x00007ffe03770000 - 0x00007ffe0379f000 	C:\WINDOWS\System32\IMM32.DLL
0x00007ffdfc910000 - 0x00007ffdfc91c000 	C:\projects\thirdPartyComponents\jdk-17.0.12\bin\vcruntime140_1.dll
0x00007ffdf5630000 - 0x00007ffdf56be000 	C:\projects\thirdPartyComponents\jdk-17.0.12\bin\msvcp140.dll
0x00007ffdbbf60000 - 0x00007ffdbcb40000 	C:\projects\thirdPartyComponents\jdk-17.0.12\bin\server\jvm.dll
0x00007ffe037a0000 - 0x00007ffe037a8000 	C:\WINDOWS\System32\PSAPI.DLL
0x00007ffdf5c60000 - 0x00007ffdf5c87000 	C:\WINDOWS\SYSTEM32\WINMM.dll
0x00007ffdf26f0000 - 0x00007ffdf26f9000 	C:\WINDOWS\SYSTEM32\WSOCK32.dll
0x00007ffe03890000 - 0x00007ffe038fb000 	C:\WINDOWS\System32\WS2_32.dll
0x00007ffe005f0000 - 0x00007ffe00602000 	C:\WINDOWS\SYSTEM32\kernel.appcore.dll
0x00007ffdfc2b0000 - 0x00007ffdfc2ba000 	C:\projects\thirdPartyComponents\jdk-17.0.12\bin\jimage.dll
0x00007ffdff3a0000 - 0x00007ffdff584000 	C:\WINDOWS\SYSTEM32\DBGHELP.DLL
0x00007ffde7ad0000 - 0x00007ffde7b04000 	C:\WINDOWS\SYSTEM32\dbgcore.DLL
0x00007ffe01e60000 - 0x00007ffe01ee2000 	C:\WINDOWS\System32\bcryptPrimitives.dll
0x00007ffdee5c0000 - 0x00007ffdee5e5000 	C:\projects\thirdPartyComponents\jdk-17.0.12\bin\java.dll
0x00007ffdc8a30000 - 0x00007ffdc8b07000 	C:\projects\thirdPartyComponents\jdk-17.0.12\bin\jsvml.dll
0x00007ffe02ec0000 - 0x00007ffe0362f000 	C:\WINDOWS\System32\SHELL32.dll
0x00007ffdffe40000 - 0x00007ffe005e3000 	C:\WINDOWS\SYSTEM32\windows.storage.dll
0x00007ffe03f50000 - 0x00007ffe042a5000 	C:\WINDOWS\System32\combase.dll
0x00007ffe01810000 - 0x00007ffe0183b000 	C:\WINDOWS\SYSTEM32\Wldp.dll
0x00007ffe04360000 - 0x00007ffe0442d000 	C:\WINDOWS\System32\OLEAUT32.dll
0x00007ffe03bc0000 - 0x00007ffe03c6d000 	C:\WINDOWS\System32\SHCORE.dll
0x00007ffe02770000 - 0x00007ffe027c5000 	C:\WINDOWS\System32\shlwapi.dll
0x00007ffe01d10000 - 0x00007ffe01d35000 	C:\WINDOWS\SYSTEM32\profapi.dll
0x00007ffdef300000 - 0x00007ffdef319000 	C:\projects\thirdPartyComponents\jdk-17.0.12\bin\net.dll
0x00007ffdfdb60000 - 0x00007ffdfdc6a000 	C:\WINDOWS\SYSTEM32\WINHTTP.dll
0x00007ffe01570000 - 0x00007ffe015dc000 	C:\WINDOWS\system32\mswsock.dll
0x00007ffdef2c0000 - 0x00007ffdef2d6000 	C:\projects\thirdPartyComponents\jdk-17.0.12\bin\nio.dll
0x00007ffdedcd0000 - 0x00007ffdedce8000 	C:\projects\thirdPartyComponents\jdk-17.0.12\bin\zip.dll
0x00007ffdf9660000 - 0x00007ffdf9670000 	C:\projects\thirdPartyComponents\jdk-17.0.12\bin\verify.dll
0x00007ffe01770000 - 0x00007ffe01788000 	C:\WINDOWS\SYSTEM32\CRYPTSP.dll
0x00007ffe00dc0000 - 0x00007ffe00df8000 	C:\WINDOWS\system32\rsaenh.dll
0x00007ffe01c90000 - 0x00007ffe01cbe000 	C:\WINDOWS\SYSTEM32\USERENV.dll
0x00007ffe01760000 - 0x00007ffe0176c000 	C:\WINDOWS\SYSTEM32\CRYPTBASE.dll
0x00007ffe01200000 - 0x00007ffe0123b000 	C:\WINDOWS\SYSTEM32\IPHLPAPI.DLL
0x00007ffe037b0000 - 0x00007ffe037b8000 	C:\WINDOWS\System32\NSI.dll
0x00007ffdfddf0000 - 0x00007ffdfde07000 	C:\WINDOWS\SYSTEM32\dhcpcsvc6.DLL
0x00007ffdfdec0000 - 0x00007ffdfdedd000 	C:\WINDOWS\SYSTEM32\dhcpcsvc.DLL
0x00007ffe012a0000 - 0x00007ffe0136a000 	C:\WINDOWS\SYSTEM32\DNSAPI.dll
0x00007ffdf2560000 - 0x00007ffdf256a000 	C:\Users\Computer\AppData\Local\Temp\jansi-1.17.1-17966226725315672859.dll
0x00007ffdef580000 - 0x00007ffdef58a000 	C:\Users\Computer\AppData\Local\Temp\jansi-1.17.1-12598808948850720308.dll

dbghelp: loaded successfully - version: 4.0.5 - missing functions: none
symbol engine: initialized successfully - sym options: 0x614 - pdb path: .;C:\projects\thirdPartyComponents\jdk-17.0.12\bin;C:\WINDOWS\SYSTEM32;C:\WINDOWS\WinSxS\amd64_microsoft.windows.common-controls_6595b64144ccf1df_6.0.19041.4355_none_60b8b9eb71f62e16;C:\projects\thirdPartyComponents\jdk-17.0.12\bin\server;C:\Users\Computer\AppData\Local\Temp

VM Arguments:
jvm_args: -Dmaven.home=EMBEDDED -Dclassworlds.conf=C:\Users\Computer\training\spring\persistence\workspace\.metadata\.plugins\org.eclipse.m2e.launching\launches\m2conf1694064236074705930.tmp -Dmaven.multiModuleProjectDirectory=C:\Users\Computer\training\spring\persistence\workspace\spring-boot-jpa -Dfork=false -Dfile.encoding=Cp1252 -XX:+ShowCodeDetailsInExceptionMessages 
java_command: org.codehaus.plexus.classworlds.launcher.Launcher -B spring-boot:run
java_class_path (initial): C:\projects\thirdPartyComponents\eclipse\plugins\org.eclipse.m2e.maven.runtime_1.18.1.20211011-2139\jars\plexus-classworlds-2.6.0.jar
Launcher Type: SUN_STANDARD

[Global flags]
     intx CICompilerCount                          = 2                                         {product} {ergonomic}
     uint ConcGCThreads                            = 1                                         {product} {ergonomic}
     uint G1ConcRefinementThreads                  = 2                                         {product} {ergonomic}
   size_t G1HeapRegionSize                         = 1048576                                   {product} {ergonomic}
    uintx GCDrainStackTargetSize                   = 64                                        {product} {ergonomic}
   size_t InitialHeapSize                          = 117440512                                 {product} {ergonomic}
   size_t MarkStackSize                            = 4194304                                   {product} {ergonomic}
   size_t MaxHeapSize                              = 1849688064                                {product} {ergonomic}
   size_t MaxNewSize                               = 1109393408                                {product} {ergonomic}
   size_t MinHeapDeltaBytes                        = 1048576                                   {product} {ergonomic}
   size_t MinHeapSize                              = 8388608                                   {product} {ergonomic}
    uintx NonNMethodCodeHeapSize                   = 5826188                                {pd product} {ergonomic}
    uintx NonProfiledCodeHeapSize                  = 122916026                              {pd product} {ergonomic}
    uintx ProfiledCodeHeapSize                     = 122916026                              {pd product} {ergonomic}
    uintx ReservedCodeCacheSize                    = 251658240                              {pd product} {ergonomic}
     bool SegmentedCodeCache                       = true                                      {product} {ergonomic}
     bool ShowCodeDetailsInExceptionMessages       = true                                   {manageable} {command line}
   size_t SoftMaxHeapSize                          = 1849688064                             {manageable} {ergonomic}
     bool UseCompressedClassPointers               = true                           {product lp64_product} {ergonomic}
     bool UseCompressedOops                        = true                           {product lp64_product} {ergonomic}
     bool UseG1GC                                  = true                                      {product} {ergonomic}
     bool UseLargePagesIndividualAllocation        = false                                  {pd product} {ergonomic}

Logging:
Log output configuration:
 #0: stdout all=warning uptime,level,tags
 #1: stderr all=off uptime,level,tags

Environment Variables:
JAVA_HOME=c:\projects\thirdPartyComponents\jdk-17.0.12
PATH=C:/Program Files/Java/jdk-17/bin/server;C:/Program Files/Java/jdk-17/bin;C:\Program Files\Java\jdk-17\bin;C:\Python312\Scripts\;C:\Python312\;C:\WINDOWS\system32;C:\WINDOWS;C:\WINDOWS\System32\Wbem;C:\WINDOWS\System32\WindowsPowerShell\v1.0\;C:\WINDOWS\System32\OpenSSH\;C:\Users\Computer\AppData\Local\Programs\Python\Python38-32;c:\Users\Computer\AppData\Local\Programs\sqlite-tools-win32-x86-3330000;C:\Users\Computer\AppData\Local\Programs\Python\Python38-32\Scripts;C:\Users\Computer\AppData\Local\DB Browser for SQLite;c:\projects\thirdPartyComponents\jdk-17.0.12\bin;C:\ProgramData\chocolatey\bin;c:\projects\thirdPartyComponents\mongosh-2.2.4-win32-x64\bin;C:\projects\thirdPartyComponents\apache-maven-3.9.6\bin;C:\projects\thirdPartyComponents\sqlite;C:\projects\thirdPartyComponents\gradle-8.7\bin;C:\Program Files\Git\cmd;c:\projects\thirdPartyComponents\db-derby-10.16.1.1-bin\bin;C:\projects\thirdPartyComponents\nodejs\;C:\Users\Computer\AppData\Local\Microsoft\WindowsApps;C:\Users\Computer\AppData\Local\Programs\Microsoft VS Code\bin;C:\Users\Computer\AppData\Roaming\npm;C:\projects\thirdPartyComponents\eclipse;
USERNAME=Computer
OS=Windows_NT
PROCESSOR_IDENTIFIER=AMD64 Family 21 Model 112 Stepping 0, AuthenticAMD



---------------  S Y S T E M  ---------------

OS:
 Windows 10 , 64 bit Build 19041 (10.0.19041.5678)
OS uptime: 0 days 2:57 hours

CPU: total 2 (initial active 2) (2 cores per cpu, 1 threads per core) family 21 model 112 stepping 0 microcode 0x0, cx8, cmov, fxsr, mmx, 3dnowpref, sse, sse2, sse3, ssse3, sse4a, sse4.1, sse4.2, popcnt, lzcnt, tsc, tscinvbit, avx, avx2, aes, clmul, bmi1, bmi2, fma, vzeroupper, clflush

Memory: 4k page, system-wide physical 7055M (184M free)
TotalPageFile size 28559M (AvailPageFile size 0M)
current process WorkingSet (physical memory assigned to process): 51M, peak: 53M
current process commit charge ("private bytes"): 187M, peak: 190M

vm_info: Java HotSpot(TM) 64-Bit Server VM (17.0.12+8-LTS-286) for windows-amd64 JRE (17.0.12+8-LTS-286), built on Jun  5 2024 06:46:59 by "mach5one" with MS VC++ 17.6 (VS2022)

END.
